Component: ARM Compiler 5.06 update 1 (build 61) Tool: armlink [4d35a8]

==============================================================================

Section Cross References

    main.o(i.BleProc_timer_handler) refers to lock_commu.o(i.LockCommu_Proc) for LockCommu_Proc
    main.o(i.BleProc_timer_start) refers to app_timer.o(i.app_timer_stop) for app_timer_stop
    main.o(i.BleProc_timer_start) refers to uldiv.o(.text) for __aeabi_uldivmod
    main.o(i.BleProc_timer_start) refers to app_timer.o(i.app_timer_start) for app_timer_start
    main.o(i.BleProc_timer_start) refers to main.o(.constdata) for .constdata
    main.o(i.Carddet_timer_handler) refers to app_timer.o(i.app_timer_stop) for app_timer_stop
    main.o(i.Carddet_timer_handler) refers to app_timer.o(i.app_timer_start) for app_timer_start
    main.o(i.Carddet_timer_handler) refers to sys.o(i.Sys_SpiOpen) for Sys_SpiOpen
    main.o(i.Carddet_timer_handler) refers to access.o(i.Access_DetCardProc) for Access_DetCardProc
    main.o(i.Carddet_timer_handler) refers to sys.o(.bss) for Sys_PataCfg
    main.o(i.Carddet_timer_handler) refers to main.o(.constdata) for .constdata
    main.o(i.Carddet_timer_handler) refers to access.o(.data) for cardopenFlag
    main.o(i.Carddet_timer_start) refers to app_timer.o(i.app_timer_stop) for app_timer_stop
    main.o(i.Carddet_timer_start) refers to uldiv.o(.text) for __aeabi_uldivmod
    main.o(i.Carddet_timer_start) refers to app_timer.o(i.app_timer_start) for app_timer_start
    main.o(i.Carddet_timer_start) refers to main.o(.constdata) for .constdata
    main.o(i.Carddet_timer_start) refers to main.o(.data) for .data
    main.o(i.SendUart_data) refers to app_uart_fifo.o(i.app_uart_put) for app_uart_put
    main.o(i.SysBase_timer_handler) refers to access.o(i.ReLay_Timepro) for ReLay_Timepro
    main.o(i.SysBase_timer_handler) refers to touch.o(i.Touch_TimerProc) for Touch_TimerProc
    main.o(i.SysBase_timer_handler) refers to touch.o(i.Touch_Proc) for Touch_Proc
    main.o(i.SysBase_timer_handler) refers to main.o(i.ble_dahao_timer_proc) for ble_dahao_timer_proc
    main.o(i.SysBase_timer_handler) refers to access.o(i.Access_TimerProc) for Access_TimerProc
    main.o(i.SysBase_timer_handler) refers to sys.o(i.Sys_RestProc) for Sys_RestProc
    main.o(i.SysBase_timer_handler) refers to factory.o(i.Factory_Proc) for Factory_Proc
    main.o(i.SysBase_timer_handler) refers to main.o(i.SysBasetimer_Start) for SysBasetimer_Start
    main.o(i.SysBase_timer_handler) refers to key.o(.constdata) for KeyDrive
    main.o(i.SysBasetimer_Start) refers to app_timer.o(i.app_timer_stop) for app_timer_stop
    main.o(i.SysBasetimer_Start) refers to uldiv.o(.text) for __aeabi_uldivmod
    main.o(i.SysBasetimer_Start) refers to app_timer.o(i.app_timer_start) for app_timer_start
    main.o(i.SysBasetimer_Start) refers to main.o(.constdata) for .constdata
    main.o(i.SysBasetimer_Start) refers to main.o(.data) for .data
    main.o(i.advertising_init) refers to memseta.o(.text) for __aeabi_memclr4
    main.o(i.advertising_init) refers to ble_dahao.o(i.ble_dahao_get_manual_data) for ble_dahao_get_manual_data
    main.o(i.advertising_init) refers to ble_advertising.o(i.ble_advertising_init) for ble_advertising_init
    main.o(i.advertising_init) refers to app_error.o(i.app_error_handler_bare) for app_error_handler_bare
    main.o(i.advertising_init) refers to main.o(.data) for .data
    main.o(i.advertising_init) refers to sys.o(.bss) for Sys_PataCfg
    main.o(i.advertising_init) refers to ble_dahao.o(.bss) for m_addl_adv_manuf_data
    main.o(i.advertising_init) refers to main.o(i.on_adv_evt) for on_adv_evt
    main.o(i.assert_nrf_callback) refers to app_error.o(i.app_error_handler) for app_error_handler
    main.o(i.ble_dahao_timer_proc) refers to app_error.o(i.app_error_handler_bare) for app_error_handler_bare
    main.o(i.ble_dahao_timer_proc) refers to ble_advertising.o(i.ble_advertising_start) for ble_advertising_start
    main.o(i.ble_dahao_timer_proc) refers to sys.o(.bss) for Sys_PataCfg
    main.o(i.ble_dahao_timer_proc) refers to ble_dahao.o(.data) for m_disconnect_timer
    main.o(i.ble_dahao_timer_proc) refers to main.o(.data) for .data
    main.o(i.ble_dahao_timer_proc) refers to lock_commu.o(.bss) for g_LockComuData
    main.o(i.ble_dahao_timer_proc) refers to ble_dahao.o(.data) for m_ble_adv_timer
    main.o(i.ble_evt_dispatch) refers to device_manager_peripheral.o(i.dm_ble_evt_handler) for dm_ble_evt_handler
    main.o(i.ble_evt_dispatch) refers to ble_dahao.o(i.ble_dahao_on_ble_evt) for ble_dahao_on_ble_evt
    main.o(i.ble_evt_dispatch) refers to ble_conn_params.o(i.ble_conn_params_on_ble_evt) for ble_conn_params_on_ble_evt
    main.o(i.ble_evt_dispatch) refers to ble_dfu.o(i.ble_dfu_on_ble_evt) for ble_dfu_on_ble_evt
    main.o(i.ble_evt_dispatch) refers to ble_advertising.o(i.ble_advertising_on_ble_evt) for ble_advertising_on_ble_evt
    main.o(i.ble_evt_dispatch) refers to main.o(.bss) for .bss
[...]
    SPI_FLASH_ReadID                         0x00020079   Thumb Code    64  flash.o(i.SPI_FLASH_ReadID)
    SWI0_IRQHandler                          0x000200bd   Thumb Code     8  app_timer.o(i.SWI0_IRQHandler)
    SWI2_IRQHandler                          0x000200c5   Thumb Code    28  softdevice_handler.o(i.SWI2_IRQHandler)
    SendUart_data                            0x000200e5   Thumb Code    30  main.o(i.SendUart_data)
    Send_Weigand34                           0x00020105   Thumb Code   302  tsmxx_irq.o(i.Send_Weigand34)
    ServeKeyList_Readflash                   0x00020249   Thumb Code    44  lockkey.o(i.ServeKeyList_Readflash)
    ServeKeyList_Writeflash                  0x00020281   Thumb Code    52  lockkey.o(i.ServeKeyList_Writeflash)
    SetBitMask                               0x000202c1   Thumb Code    24  rc522.o(i.SetBitMask)
    SysBasetimer_Start                       0x0002030d   Thumb Code    50  main.o(i.SysBasetimer_Start)
    Sys_GenFun16To8                          0x00020349   Thumb Code     8  sys_genfun.o(i.Sys_GenFun16To8)
    Sys_GenFun32To8                          0x00020351   Thumb Code    16  sys_genfun.o(i.Sys_GenFun32To8)
    Sys_GenFun8To16                          0x00020361   Thumb Code    10  sys_genfun.o(i.Sys_GenFun8To16)
    Sys_GenFun8To32                          0x0002036b   Thumb Code    22  sys_genfun.o(i.Sys_GenFun8To32)
    Sys_GenFunChecksum                       0x00020381   Thumb Code    26  sys_genfun.o(i.Sys_GenFunChecksum)
    Sys_GenFunDelayMs                        0x0002039b   Thumb Code    36  sys_genfun.o(i.Sys_GenFunDelayMs)
    Sys_GenFunDelayUs                        0x000203bf   Thumb Code    22  sys_genfun.o(i.Sys_GenFunDelayUs)
    Sys_GenFunhtons                          0x000203d5   Thumb Code    18  sys_genfun.o(i.Sys_GenFunhtons)
    Sys_Init                                 0x000203e9   Thumb Code   208  sys.o(i.Sys_Init)
    Sys_IoStartUp                            0x000204fd   Thumb Code    62  sys.o(i.Sys_IoStartUp)
    Sys_LoadPara                             0x00020545   Thumb Code   120  sys.o(i.Sys_LoadPara)
    Sys_Parainit                             0x000205d9   Thumb Code   100  sys.o(i.Sys_Parainit)
    Sys_ParainitFirst                        0x0002065d   Thumb Code   148  sys.o(i.Sys_ParainitFirst)
    Sys_RestProc                             0x00020719   Thumb Code   104  sys.o(i.Sys_RestProc)
    Sys_SpiOpen                              0x00020795   Thumb Code    60  sys.o(i.Sys_SpiOpen)
    Sys_StorePara                            0x000207e1   Thumb Code    50  sys.o(i.Sys_StorePara)
    Sys_TimeBaseX64ms                        0x00020821   Thumb Code    20  sys_timebase.o(i.Sys_TimeBaseX64ms)
    Sys_TimeBaseX64msTask                    0x00020839   Thumb Code    30  sys_timebase.o(i.Sys_TimeBaseX64msTask)
    Sys_wdt_feed                             0x00020861   Thumb Code    16  sys.o(i.Sys_wdt_feed)
    Sys_wdt_start                            0x0002087d   Thumb Code     8  sys.o(i.Sys_wdt_start)
    SystemInit                               0x00020889   Thumb Code   176  system_nrf51.o(i.SystemInit)
    TIMER0_IRQHandler                        0x00020955   Thumb Code    62  nrf_drv_timer.o(i.TIMER0_IRQHandler)
    TIMER2_IRQHandler                        0x0002099d   Thumb Code    26  sys_timebaseirq.o(i.TIMER2_IRQHandler)
    Touch_Init                               0x000209bd   Thumb Code    34  touch.o(i.Touch_Init)
    Touch_KeyProc                            0x000209e9   Thumb Code   188  touch.o(i.Touch_KeyProc)
    Touch_Proc                               0x00020abd   Thumb Code   524  touch.o(i.Touch_Proc)
    Touch_TimerProc                          0x00020cd5   Thumb Code   102  touch.o(i.Touch_TimerProc)
    Tsm_Init                                 0x00020d45   Thumb Code   240  tsmxx.o(i.Tsm_Init)
    Tsmxx_Irq_Init                           0x00020e51   Thumb Code    44  tsmxx_irq.o(i.Tsmxx_Irq_Init)
    Tsmxx_Open                               0x00020e91   Thumb Code    76  tsmxx.o(i.Tsmxx_Open)
    Tsmxx_ReadDat                            0x00020eed   Thumb Code   500  tsmxx.o(i.Tsmxx_ReadDat)
    Tsmxx_ReadIndex                          0x000210e9   Thumb Code    52  tsmxx.o(i.Tsmxx_ReadIndex)
    Tsmxx_Read_Nyetes                        0x00021121   Thumb Code   104  tsmxx.o(i.Tsmxx_Read_Nyetes)
    Tsmxx_Write_Nyetes                       0x00021189   Thumb Code    72  tsmxx.o(i.Tsmxx_Write_Nyetes)
    UART0_IRQHandler                         0x000211d1   Thumb Code     8  nrf_drv_uart.o(i.UART0_IRQHandler)
    Wiegand_Init                             0x000211d9   Thumb Code    12  tsmxx_irq.o(i.Wiegand_Init)
    WriteRawRC                               0x000211e9   Thumb Code    52  rc522.o(i.WriteRawRC)
    __ARM_common_memclr1_5                   0x00021225   Thumb Code    14  main.o(i.__ARM_common_memclr1_5)
    __ARM_common_memclr1_6                   0x00021233   Thumb Code    16  device_manager_peripheral.o(i.__ARM_common_memclr1_6)
    __ARM_common_memclr2_6                   0x00021243   Thumb Code    10  sys.o(i.__ARM_common_memclr2_6)
    __ARM_common_memclr2_7                   0x0002124d   Thumb Code    12  device_manager_peripheral.o(i.__ARM_common_memclr2_7)
    __ARM_common_memclr4_7                   0x00021259   Thumb Code    10  ble_advertising.o(i.__ARM_common_memclr4_7)
    __ARM_common_memcpy1_5                   0x00021263   Thumb Code    22  device_manager_peripheral.o(i.__ARM_common_memcpy1_5)
    __ARM_common_memcpy1_6                   0x00021279   Thumb Code    26  ble_advdata.o(i.__ARM_common_memcpy1_6)
    __ARM_common_memcpy1_8                   0x00021293   Thumb Code    34  proto_analy.o(i.__ARM_common_memcpy1_8)
    __ARM_common_memcpy4_7                   0x000212b5   Thumb Code    14  segger_rtt.o(i.__ARM_common_memcpy4_7)
    __ARM_common_memset4_12                  0x000212c3   Thumb Code    18  access.o(i.__ARM_common_memset4_12)
    __scatterload_copy                       0x000212d5   Thumb Code    14  handlers.o(i.__scatterload_copy)
    __scatterload_null                       0x000212e3   Thumb Code     2  handlers.o(i.__scatterload_null)
    __scatterload_zeroinit                   0x000212e5   Thumb Code    14  handlers.o(i.__scatterload_zeroinit)
    adv_data_encode                          0x00021359   Thumb Code  1210  ble_advdata.o(i.adv_data_encode)
    advertising_init                         0x00021819   Thumb Code   148  main.o(i.advertising_init)
    app_error_fault_handler                  0x000218bd   Thumb Code    18  app_error_weak.o(i.app_error_fault_handler)
    app_error_handler_bare                   0x000218d9   Thumb Code    24  app_error.o(i.app_error_handler_bare)
    app_fifo_get                             0x000218f5   Thumb Code    34  app_fifo.o(i.app_fifo_get)
    app_fifo_init                            0x00021917   Thumb Code    36  app_fifo.o(i.app_fifo_init)
    app_fifo_put                             0x0002193b   Thumb Code    34  app_fifo.o(i.app_fifo_put)
    app_pwm_channel_duty_set                 0x0002195d   Thumb Code    32  app_pwm.o(i.app_pwm_channel_duty_set)
    app_pwm_channel_duty_ticks_set           0x0002197d   Thumb Code   984  app_pwm.o(i.app_pwm_channel_duty_ticks_set)
    app_pwm_disable                          0x00021d6d   Thumb Code   168  app_pwm.o(i.app_pwm_disable)
    app_pwm_enable                           0x00021e31   Thumb Code   142  app_pwm.o(i.app_pwm_enable)
    app_pwm_init                             0x00021ee1   Thumb Code   588  app_pwm.o(i.app_pwm_init)
    app_pwm_uninit                           0x00022149   Thumb Code    40  app_pwm.o(i.app_pwm_uninit)
    app_timer_create                         0x00022171   Thumb Code    40  app_timer.o(i.app_timer_create)
    app_timer_init                           0x0002219d   Thumb Code   186  app_timer.o(i.app_timer_init)
    app_timer_start                          0x0002227d   Thumb Code   150  app_timer.o(i.app_timer_start)
    app_timer_stop                           0x00022321   Thumb Code   106  app_timer.o(i.app_timer_stop)
    app_uart_get                             0x00022395   Thumb Code    44  app_uart_fifo.o(i.app_uart_get)
    app_uart_init                            0x000223c9   Thumb Code   144  app_uart_fifo.o(i.app_uart_init)
    app_uart_put                             0x00022471   Thumb Code    48  app_uart_fifo.o(i.app_uart_put)
    app_util_critical_region_enter           0x000224a9   Thumb Code    50  app_util_platform.o(i.app_util_critical_region_enter)
    app_util_critical_region_exit            0x000224e9   Thumb Code    36  app_util_platform.o(i.app_util_critical_region_exit)
    ble_advdata_set                          0x00022515   Thumb Code   120  ble_advdata.o(i.ble_advdata_set)
    ble_advertising_init                     0x0002258d   Thumb Code   278  ble_advertising.o(i.ble_advertising_init)
    ble_advertising_on_ble_evt               0x000226dd   Thumb Code   156  ble_advertising.o(i.ble_advertising_on_ble_evt)
    ble_advertising_on_sys_evt               0x0002277d   Thumb Code    44  ble_advertising.o(i.ble_advertising_on_sys_evt)
    ble_advertising_start                    0x000227ad   Thumb Code   484  ble_advertising.o(i.ble_advertising_start)
    ble_conn_params_init                     0x000229a5   Thumb Code    88  ble_conn_params.o(i.ble_conn_params_init)
    ble_conn_params_on_ble_evt               0x00022a11   Thumb Code   160  ble_conn_params.o(i.ble_conn_params_on_ble_evt)
    ble_conn_params_stop                     0x00022abd   Thumb Code    12  ble_conn_params.o(i.ble_conn_params_stop)
    ble_dahao_add_characteristics            0x00022acd   Thumb Code   138  ble_dahao.o(i.ble_dahao_add_characteristics)
    ble_dahao_add_service                    0x00022b6d   Thumb Code    24  ble_dahao.o(i.ble_dahao_add_service)
    ble_dahao_get_manual_data                0x00022b89   Thumb Code    96  ble_dahao.o(i.ble_dahao_get_manual_data)
    ble_dahao_get_scan_data                  0x00022c0d   Thumb Code   164  ble_dahao.o(i.ble_dahao_get_scan_data)
    ble_dahao_notify_data                    0x00022ccd   Thumb Code    58  ble_dahao.o(i.ble_dahao_notify_data)
    ble_dahao_on_ble_evt                     0x00022d07   Thumb Code    54  ble_dahao.o(i.ble_dahao_on_ble_evt)
    ble_dahao_start_advert                   0x00022d3d   Thumb Code   102  ble_dahao.o(i.ble_dahao_start_advert)
    ble_dahao_stop_advert                    0x00022db1   Thumb Code    30  ble_dahao.o(i.ble_dahao_stop_advert)
    ble_dahao_timer_proc                     0x00022dd9   Thumb Code   124  main.o(i.ble_dahao_timer_proc)
    ble_dfu_init                             0x00022e75   Thumb Code   450  ble_dfu.o(i.ble_dfu_init)
    ble_dfu_on_ble_evt                       0x00023051   Thumb Code   426  ble_dfu.o(i.ble_dfu_on_ble_evt)
    ble_dfu_response_send                    0x00023205   Thumb Code    90  ble_dfu.o(i.ble_dfu_response_send)
    bond_data_load                           0x000232cd   Thumb Code    60  device_manager_peripheral.o(i.bond_data_load)
    bootloader_util_app_start                0x00023319   Thumb Code     8  bootloader_util.o(i.bootloader_util_app_start)
    bsp_btn_ble_sleep_mode_prepare           0x00023321   Thumb Code    20  bsp_btn_ble.o(i.bsp_btn_ble_sleep_mode_prepare)
    bsp_wakeup_buttons_set                   0x00023335   Thumb Code     4  bsp.o(i.bsp_wakeup_buttons_set)
    dfu_app_dm_appl_instance_set             0x0002380d   Thumb Code    20  dfu_app_handler.o(i.dfu_app_dm_appl_instance_set)
    dfu_app_on_dfu_evt                       0x00023825   Thumb Code   280  dfu_app_handler.o(i.dfu_app_on_dfu_evt)
    dfu_app_reset_prepare_set                0x0002396d   Thumb Code     6  dfu_app_handler.o(i.dfu_app_reset_prepare_set)
    dm_application_context_delete            0x00023979   Thumb Code   134  device_manager_peripheral.o(i.dm_application_context_delete)
    dm_application_context_get               0x00023a25   Thumb Code   168  device_manager_peripheral.o(i.dm_application_context_get)
    dm_application_context_set               0x00023aed   Thumb Code   198  device_manager_peripheral.o(i.dm_application_context_set)
    dm_application_instance_set              0x00023bdd   Thumb Code    50  device_manager_peripheral.o(i.dm_application_instance_set)
    dm_ble_evt_handler                       0x00023c1d   Thumb Code  1352  device_manager_peripheral.o(i.dm_ble_evt_handler)
    dm_distributed_keys_get                  0x00024179   Thumb Code   156  device_manager_peripheral.o(i.dm_distributed_keys_get)
    dm_handle_get                            0x00024231   Thumb Code    78  device_manager_peripheral.o(i.dm_handle_get)
    dm_init                                  0x00024291   Thumb Code   274  device_manager_peripheral.o(i.dm_init)
    dm_peer_addr_get                         0x000243d1   Thumb Code   114  device_manager_peripheral.o(i.dm_peer_addr_get)
    dm_register                              0x0002462d   Thumb Code    94  device_manager_peripheral.o(i.dm_register)
    fs_queued_op_count_get                   0x00024785   Thumb Code    18  fstorage.o(i.fs_queued_op_count_get)
    intern_softdevice_events_execute         0x00024a31   Thumb Code   116  softdevice_handler.o(i.intern_softdevice_events_execute)
    main                                     0x00024af1   Thumb Code   590  main.o(i.main)
    nrf_delay_ms                             0x00024dc9   Thumb Code    30  nrf_delay.o(i.nrf_delay_ms)
    nrf_drv_common_irq_enable                0x00024ded   Thumb Code    80  nrf_drv_common.o(i.nrf_drv_common_irq_enable)
    nrf_drv_gpiote_init                      0x00024e4d   Thumb Code    82  nrf_drv_gpiote.o(i.nrf_drv_gpiote_init)
    nrf_drv_gpiote_is_init                   0x00024ead   Thumb Code    12  nrf_drv_gpiote.o(i.nrf_drv_gpiote_is_init)
    nrf_drv_gpiote_out_init                  0x00024ebd   Thumb Code   128  nrf_drv_gpiote.o(i.nrf_drv_gpiote_out_init)
    nrf_drv_gpiote_out_task_addr_get         0x00024f51   Thumb Code    18  nrf_drv_gpiote.o(i.nrf_drv_gpiote_out_task_addr_get)
    nrf_drv_gpiote_out_task_disable          0x00024f6d   Thumb Code    24  nrf_drv_gpiote.o(i.nrf_drv_gpiote_out_task_disable)
    nrf_drv_gpiote_out_task_enable           0x00024f8d   Thumb Code    38  nrf_drv_gpiote.o(i.nrf_drv_gpiote_out_task_enable)
    nrf_drv_gpiote_out_task_force            0x00024fbd   Thumb Code    36  nrf_drv_gpiote.o(i.nrf_drv_gpiote_out_task_force)
    nrf_drv_gpiote_out_uninit                0x00024fe9   Thumb Code    66  nrf_drv_gpiote.o(i.nrf_drv_gpiote_out_uninit)
    nrf_drv_ppi_channel_alloc                0x00025039   Thumb Code    76  nrf_drv_ppi.o(i.nrf_drv_ppi_channel_alloc)
    nrf_drv_ppi_channel_assign               0x0002508d   Thumb Code    58  nrf_drv_ppi.o(i.nrf_drv_ppi_channel_assign)
    nrf_drv_ppi_channel_disable              0x000250d1   Thumb Code    36  nrf_drv_ppi.o(i.nrf_drv_ppi_channel_disable)
    nrf_drv_ppi_channel_enable               0x000250fd   Thumb Code    36  nrf_drv_ppi.o(i.nrf_drv_ppi_channel_enable)
    nrf_drv_ppi_channel_free                 0x00025129   Thumb Code    50  nrf_drv_ppi.o(i.nrf_drv_ppi_channel_free)
    nrf_drv_ppi_channels_include_in_group    0x00025165   Thumb Code    70  nrf_drv_ppi.o(i.nrf_drv_ppi_channels_include_in_group)
    nrf_drv_ppi_channels_remove_from_group   0x000251b5   Thumb Code    70  nrf_drv_ppi.o(i.nrf_drv_ppi_channels_remove_from_group)
    nrf_drv_ppi_group_alloc                  0x00025205   Thumb Code    76  nrf_drv_ppi.o(i.nrf_drv_ppi_group_alloc)
    nrf_drv_ppi_group_enable                 0x00025255   Thumb Code    38  nrf_drv_ppi.o(i.nrf_drv_ppi_group_enable)
    nrf_drv_ppi_group_free                   0x00025285   Thumb Code    66  nrf_drv_ppi.o(i.nrf_drv_ppi_group_free)
    nrf_drv_ppi_init                         0x000252d1   Thumb Code    20  nrf_drv_ppi.o(i.nrf_drv_ppi_init)
    nrf_drv_spi_init                         0x000252e9   Thumb Code   272  nrf_drv_spi.o(i.nrf_drv_spi_init)
    nrf_drv_spi_transfer                     0x00025409   Thumb Code    26  nrf_drv_spi.o(i.nrf_drv_spi_transfer)
    nrf_drv_spi_xfer                         0x00025425   Thumb Code   270  nrf_drv_spi.o(i.nrf_drv_spi_xfer)
    nrf_drv_timer_clear                      0x0002553d   Thumb Code     8  nrf_drv_timer.o(i.nrf_drv_timer_clear)
    nrf_drv_timer_compare                    0x00025545   Thumb Code    44  nrf_drv_timer.o(i.nrf_drv_timer_compare)
    nrf_drv_timer_compare_int_disable        0x00025571   Thumb Code    18  nrf_drv_timer.o(i.nrf_drv_timer_compare_int_disable)
    nrf_drv_timer_compare_int_enable         0x00025583   Thumb Code    36  nrf_drv_timer.o(i.nrf_drv_timer_compare_int_enable)
    nrf_drv_timer_disable                    0x000255a9   Thumb Code    20  nrf_drv_timer.o(i.nrf_drv_timer_disable)
    nrf_drv_timer_enable                     0x000255c1   Thumb Code    22  nrf_drv_timer.o(i.nrf_drv_timer_enable)
    nrf_drv_timer_extended_compare           0x000255dd   Thumb Code    82  nrf_drv_timer.o(i.nrf_drv_timer_extended_compare)
    nrf_drv_timer_init                       0x00025631   Thumb Code   168  nrf_drv_timer.o(i.nrf_drv_timer_init)
    nrf_drv_timer_uninit                     0x000256e1   Thumb Code    74  nrf_drv_timer.o(i.nrf_drv_timer_uninit)
    nrf_drv_uart_init                        0x00025735   Thumb Code   180  nrf_drv_uart.o(i.nrf_drv_uart_init)
    nrf_drv_uart_rx                          0x00025809   Thumb Code   244  nrf_drv_uart.o(i.nrf_drv_uart_rx)
    nrf_drv_uart_rx_enable                   0x00025915   Thumb Code    32  nrf_drv_uart.o(i.nrf_drv_uart_rx_enable)
    nrf_drv_uart_tx                          0x0002593d   Thumb Code   152  nrf_drv_uart.o(i.nrf_drv_uart_tx)
    nrf_drv_uart_tx_in_progress              0x000259e1   Thumb Code    12  nrf_drv_uart.o(i.nrf_drv_uart_tx_in_progress)
    pstorage_access_status_get               0x00025add   Thumb Code    30  pstorage.o(i.pstorage_access_status_get)
    pstorage_block_identifier_get            0x00025b05   Thumb Code    86  pstorage.o(i.pstorage_block_identifier_get)
    pstorage_clear                           0x00025b65   Thumb Code   150  pstorage.o(i.pstorage_clear)
    pstorage_init                            0x00025c05   Thumb Code    96  pstorage.o(i.pstorage_init)
    pstorage_load                            0x00025c71   Thumb Code   136  pstorage.o(i.pstorage_load)
    pstorage_register                        0x00025d01   Thumb Code   166  pstorage.o(i.pstorage_register)
    pstorage_store                           0x00025db1   Thumb Code   114  pstorage.o(i.pstorage_store)
    pstorage_sys_event_handler               0x00025e2d   Thumb Code   110  pstorage.o(i.pstorage_sys_event_handler)
    pstorage_update                          0x00025ead   Thumb Code   114  pstorage.o(i.pstorage_update)
    pwm_ready_tick                           0x00025fad   Thumb Code    76  app_pwm.o(i.pwm_ready_tick)
    sd_check_ram_start                       0x00026041   Thumb Code    12  softdevice_handler.o(i.sd_check_ram_start)
    softdevice_ble_evt_handler_set           0x00026119   Thumb Code    16  softdevice_handler.o(i.softdevice_ble_evt_handler_set)
    softdevice_enable                        0x0002612d   Thumb Code    16  softdevice_handler.o(i.softdevice_enable)
    softdevice_enable_get_default_config     0x00026141   Thumb Code    36  softdevice_handler.o(i.softdevice_enable_get_default_config)
    softdevice_fault_handler                 0x00026165   Thumb Code     8  softdevice_handler.o(i.softdevice_fault_handler)
    softdevice_handler_init                  0x0002616d   Thumb Code    96  softdevice_handler.o(i.softdevice_handler_init)
    softdevice_sys_evt_handler_set           0x000261e5   Thumb Code    16  softdevice_handler.o(i.softdevice_sys_evt_handler_set)
    sys_CheckGetDynamicDate                  0x0002636d   Thumb Code   900  encpt.o(i.sys_CheckGetDynamicDate)
    sys_CheckGetDynamicFlat                  0x00026711   Thumb Code  1134  encpt.o(i.sys_CheckGetDynamicFlat)
    sys_CheckGetDynamicHotel_V8              0x00026ba5   Thumb Code  1426  encpt.o(i.sys_CheckGetDynamicHotel_V8)
    uart_event_handle                        0x00027525   Thumb Code    30  main.o(i.uart_event_handle)
    uart_init                                0x0002760d   Thumb Code    56  main.o(i.uart_init)
    m_context_init_len                       0x0002799c   Data           4  device_manager_peripheral.o(.constdata)
    m_service_context_store                  0x000279a0   Data          16  device_manager_peripheral.o(.constdata)
    m_service_context_load                   0x000279b0   Data          16  device_manager_peripheral.o(.constdata)
    m_service_context_apply                  0x000279c0   Data          16  device_manager_peripheral.o(.constdata)
    Batt_VolPerTable                         0x00027a64   Data          16  sys.o(.constdata)
    Beep_WksubParaNoarma                     0x00027a84   Data          16  beep.o(.constdata)
    Beep_WksubParaVeryFast                   0x00027a94   Data          16  beep.o(.constdata)
    Beep_WksubParaFast                       0x00027aa4   Data          16  beep.o(.constdata)
    Beep_WksubParaSlow                       0x00027ab4   Data          16  beep.o(.constdata)
    Beep_WksubParaVerySlow                   0x00027ac4   Data          16  beep.o(.constdata)
    Beep_WksubParalow                        0x00027ad4   Data          16  beep.o(.constdata)
    Beep_WksubParaAL1                        0x00027ae4   Data          16  beep.o(.constdata)
    Beep_WksubParaAL2                        0x00027af4   Data          16  beep.o(.constdata)
    Beep_WksubParaAL3                        0x00027b04   Data          16  beep.o(.constdata)
    Beep_WksubParaOpenErr                    0x00027b14   Data          48  beep.o(.constdata)
    Beep_WksubParaOther                      0x00027b44   Data          56  beep.o(.constdata)
    Beep_WksubParaTest1                      0x00027b7c   Data          16  beep.o(.constdata)
    Beep_WkParaTable                         0x00027b8c   Data          96  beep.o(.constdata)
    BeepDrive                                0x00027bec   Data          20  beep.o(.constdata)
    m_pwm_PWM2_timer                         0x00027c00   Data           8  pwm.o(.constdata)
    PWM2                                     0x00027c08   Data           8  pwm.o(.constdata)
    PwmDrive                                 0x00027c24   Data          20  pwm.o(.constdata)
    ProtoAnalyMacTable                       0x00027c38   Data           8  proto_analy.o(.constdata)
    ProtoAnalyAppTable                       0x00027c40   Data         136  proto_analy.o(.constdata)
    Encpt_KeyTableExt32                      0x00027ed4   Data          16  encpt.o(.constdata)
    Aes_KeyTable                             0x00027ee4   Data          16  aeskey.o(.constdata)
    Key_ShortEventTable                      0x00027ef4   Data          56  key.o(.constdata)
    Key_LongEventTable                       0x00027f2c   Data          56  key.o(.constdata)
    KeyDrive                                 0x00027f64   Data          20  key.o(.constdata)
    TouchLightStable                         0x00027f78   Data          26  touch.o(.constdata)
    TSM_TOUCH_TAB                            0x00027f92   Data          17  tsmxx.o(.constdata)
    Tsmxx_Key_SensitivityTable1              0x00027fa3   Data          12  tsmxx.o(.constdata)
    Tsmxx_Key_SensitivityTable2              0x00027faf   Data          12  tsmxx.o(.constdata)
    Tsmxx_Key_SensitivityTable3              0x00027fbb   Data          12  tsmxx.o(.constdata)
    Tsmxx_Key_SensitivityTable4              0x00027fc7   Data          12  tsmxx.o(.constdata)
    Tsmxx_Key_SensitivityTable5              0x00027fd3   Data          12  tsmxx.o(.constdata)
    Tsmxx_Key_SensitivityTable6              0x00027fdf   Data          12  tsmxx.o(.constdata)
    FlashDrive                               0x00027fec   Data          20  flash.o(.constdata)
    spi                                      0x00028000   Data           8  rc522.o(.constdata)
    Rc522Drive                               0x00028008   Data          20  rc522.o(.constdata)
    RtcDrive                                 0x0002801c   Data          20  rtc.o(.constdata)
    Light_WkParaTable                        0x00028030   Data          24  light.o(.constdata)
    Light_CntfunTable                        0x00028048   Data          60  light.o(.constdata)
    LightDrive                               0x00028084   Data          20  light.o(.constdata)
    Region$$Table$$Base                      0x00028098   Number         0  anon$$obj.o(Region$$Table)
    Region$$Table$$Limit                     0x000280b8   Number         0  anon$$obj.o(Region$$Table)
    Image$$RW_IRAM1$$Base                    0x20002080   Number         0  anon$$obj.o ABSOLUTE
    SysSleepFlag                             0x20002080   Data           1  main.o(.data)
    uartNodat                                0x20002081   Data           1  main.o(.data)
    m_conn_handle                            0x20002084   Data           2  main.o(.data)
    uartBuff                                 0x20002086   Data           2  main.o(.data)
    uartLenx                                 0x20002088   Data           2  main.o(.data)
    rtc1timebak                              0x2000209c   Data           4  main.o(.data)
    m_adv_mode_current                       0x200020a5   Data           1  ble_advertising.o(.data)
    m_disconnect_timer                       0x200020f4   Data           2  ble_dahao.o(.data)
    m_ble_adv_timer                          0x200020f6   Data           1  ble_dahao.o(.data)
    m_ble_adv_status                         0x200020f7   Data           1  ble_dahao.o(.data)
    m_ble_adv_restart_timer                  0x200020f8   Data           1  ble_dahao.o(.data)
    m_mac_add                                0x200020f9   Data           6  ble_dahao.o(.data)
    m_pwm_ready_counter                      0x2000215e   Data           4  app_pwm.o(.data)
    nrf_nvic_state                           0x20002188   Data           8  softdevice_handler.o(.data)
    Sys_CheckUpFlag                          0x20002190   Data           1  sys.o(.data)
    Sys_McuRestFlag                          0x20002191   Data           1  sys.o(.data)
    Sys_StoreFlag                            0x20002192   Data           1  sys.o(.data)
    Sys_State                                0x20002193   Data           1  sys.o(.data)
    Sys_ResetDevice                          0x20002194   Data           1  sys.o(.data)
    Sys_SpiOnFlag                            0x20002195   Data           1  sys.o(.data)
    Sys_RstTimsoutx64ms                      0x20002196   Data           2  sys.o(.data)
    Sys_StoreTimsoutx64ms                    0x20002198   Data           2  sys.o(.data)
    longAccRcord                             0x2000219a   Data           2  sys.o(.data)
    Sys_RestTimex64ms                        0x2000219c   Data           4  sys.o(.data)
    Rtcpowercnt                              0x200021a0   Data           4  sys.o(.data)
    Sys_SleepErrTimsoutx64ms                 0x200021a4   Data           2  sys.o(.data)
    Sys_TimeBaseSys32msFlag                  0x200021af   Data           1  sys_timebase.o(.data)
    Beep_BkCom                               0x200021b0   Data           4  beep.o(.data)
    pBeep_WksubPara                          0x200021b4   Data           4  beep.o(.data)
    ProtoAnalyRecordIndex                    0x200021b8   Data           1  proto_analy.o(.data)
    ProtoAnalyRecordSendErr                  0x200021b9   Data           1  proto_analy.o(.data)
    protoAnaly_netCommType                   0x200021ba   Data           1  proto_analy.o(.data)
    Proto_NetcommBack                        0x200021bb   Data           1  proto_analy.o(.data)
    protoAnaly_freqsetflag                   0x200021bc   Data           1  proto_analy.o(.data)
    initFlag                                 0x200021bd   Data           1  proto_analy.o(.data)
    ProtoAnaly_RtcLocalTime                  0x200021c0   Data           4  proto_analy.o(.data)
    ProtoAnalyHashKey                        0x200021c4   Data           4  proto_analy.o(.data)
    ProtoAnaly_Rtcinfo                       0x200021c8   Data           7  proto_analy.o(.data)
    KeyScanStateX64Ms                        0x200021de   Data           1  key.o(.data)
    TouchTimer64ms                           0x200021e2   Data           1  touch.o(.data)
    TouchState                               0x200021e3   Data           1  touch.o(.data)
    TouchKeyIndex                            0x200021e4   Data           1  touch.o(.data)
    TT                                       0x200021e5   Data           1  touch.o(.data)
    initpsw                                  0x200021e6   Data           3  touch.o(.data)
    TouchRstTimes                            0x200021ea   Data           2  touch.o(.data)
    i                                        0x200021ec   Data           1  tsmxx_irq.o(.data)
    check_temp                               0x200021ed   Data           1  tsmxx_irq.o(.data)
    even                                     0x200021ee   Data           1  tsmxx_irq.o(.data)
    odd                                      0x200021ef   Data           1  tsmxx_irq.o(.data)
    wiegand                                  0x200021f0   Data           3  tsmxx_irq.o(.data)
    flash_openflag                           0x200021f3   Data           1  flash.o(.data)
    Card_Page                                0x200021f4   Data           1  rc522.o(.data)
    Card_Pswd                                0x200021fc   Data           6  rc522.o(.data)
    Access_KeyDatTimex64ms                   0x20002204   Data           1  access.o(.data)
    RelayOpenFlag                            0x20002207   Data           1  access.o(.data)
    RelayOpenDelayTime                       0x20002208   Data           1  access.o(.data)
    HardDbgFlag                              0x20002209   Data           1  access.o(.data)
    HardDbgKeyFlag                           0x2000220a   Data           1  access.o(.data)
    cardopenFlag                             0x2000220c   Data           1  access.o(.data)
    Access_LockTimer64                       0x2000220e   Data           2  access.o(.data)
    Access_DefaultTimer64                    0x20002210   Data           2  access.o(.data)
    Access_CardLearnTimer64                  0x20002212   Data           2  access.o(.data)
    Access_ResetDeviceTimer64                0x20002214   Data           2  access.o(.data)
    Access_LockDeviceTimer64ms               0x20002216   Data           2  access.o(.data)
    Access_UserId_Temp                       0x20002220   Data           4  access.o(.data)
    Access_Globle                            0x20002228   Data           4  access.o(.data)
    Access_BatteryData                       0x2000223a   Data           2  access.o(.data)
    Access_Record_Null                       0x2000223c   Data           1  lockkey.o(.data)
    ServeKeyFlashOffset                      0x2000223e   Data           1  lockkey.o(.data)
    LockKeyStatistics                        0x20002240   Data           6  lockkey.o(.data)
    TouchLightFlag                           0x20002246   Data           1  light.o(.data)
    Factory_State                            0x20002247   Data           1  factory.o(.data)
    Factory_Sub                              0x20002248   Data           1  factory.o(.data)
    Factory_Time64ms                         0x20002249   Data           1  factory.o(.data)
    Motor_State                              0x2000224a   Data           1  motor.o(.data)
    Motor_PositStatus                        0x2000224b   Data           1  motor.o(.data)
    Motor_DoorLockSt                         0x2000224c   Data           1  motor.o(.data)
    Motor_AutoLockTimer64ms                  0x2000224d   Data           1  motor.o(.data)
    Motor_DoorSw                             0x2000224e   Data           1  motor.o(.data)
    SystemCoreClock                          0x20002250   Data           4  system_nrf51.o(.data)
    m_ble_dahao                              0x200025d8   Data          12  main.o(.bss)
    m_addl_adv_manuf_data                    0x200028a3   Data          11  ble_dahao.o(.bss)
    m_addl_adv_data                          0x200028ae   Data          20  ble_dahao.o(.bss)
    g_LockComuData                           0x20002cf0   Data         128  lock_commu.o(.bss)
    Sys_PataCfg                              0x20002d70   Data         100  sys.o(.bss)
    m_pwm_PWM2_cb                            0x20002dd4   Data          36  pwm.o(.bss)
    ProtoAnalyRecordBuf                      0x20002df8   Data          48  proto_analy.o(.bss)
    tbuf                                     0x20002e28   Data          20  proto_analy.o(.bss)
    Proto_ttt                                0x20002e8c   Data          60  proto_commpack.o(.bss)
    TouchBuf                                 0x20002fb4   Data           9  touch.o(.bss)
    Access_AttTIme_Temp                      0x20002fc0   Data           9  access.o(.bss)
    AccRcord                                 0x20002fcc   Data        3888  access.o(.bss)
    LockKeyBlackList                         0x20003efc   Data        1016  lockkey.o(.bss)
    LockKeyServeKeyList                      0x200042f4   Data        3204  lockkey.o(.bss)
    Light_BkComBuf                           0x20004f78   Data          30  light.o(.bss)
    __initial_sp                             0x20005798   Data           0  arm_startup_nrf51.o(STACK)



==============================================================================

Memory Map of the image

  Image Entry point : 0x0001b0c1

  Load Region LR_IROM1 (Base: 0x0001b000, Size: 0x0000d290, Max: 0x00025000, ABSOLUTE, COMPRESSED[0x0000d0e0])

    Execution Region ER_IROM1 (Base: 0x0001b000, Size: 0x0000d0b8, Max: 0x00025000, ABSOLUTE)

    Base Addr    Size         Type   Attr      Idx    E Section Name        Object

    0x0001b000   0x000000c0   Data   RO         6069    RESET               arm_startup_nrf51.o
    0x0001b0c0   0x00000000   Code   RO         6106  * .ARM.Collect$$$$00000000  mc_p.l(entry.o)
    0x0001b0c0   0x00000004   Code   RO         6156    .ARM.Collect$$$$00000001  mc_p.l(entry2.o)
    0x0001b0c4   0x00000004   Code   RO         6159    .ARM.Collect$$$$00000004  mc_p.l(entry5.o)
    0x0001b0c8   0x00000000   Code   RO         6161    .ARM.Collect$$$$00000008  mc_p.l(entry7b.o)
    0x0001b0c8   0x00000000   Code   RO         6163    .ARM.Collect$$$$0000000A  mc_p.l(entry8b.o)
    0x0001b0c8   0x00000008   Code   RO         6164    .ARM.Collect$$$$0000000B  mc_p.l(entry9a.o)
    0x0001b0d0   0x00000000   Code   RO         6166    .ARM.Collect$$$$0000000D  mc_p.l(entry10a.o)
    0x0001b0d0   0x00000000   Code   RO         6168    .ARM.Collect$$$$0000000F  mc_p.l(entry11a.o)
    0x0001b0d0   0x00000004   Code   RO         6157    .ARM.Collect$$$$00002712  mc_p.l(entry2.o)
    0x0001b0d4   0x0000001e   Code   RO         1342    .emb_text           nrf_delay.o
    0x0001b0f2   0x00000002   PAD
    0x0001b0f4   0x0000001e   Code   RO         2228    .emb_text           app_timer.o
    0x0001b112   0x00000002   PAD
    0x0001b114   0x00000034   Code   RO         2375    .emb_text           bootloader_util.o
    0x0001b148   0x00000038   Code   RO         6070    .text               arm_startup_nrf51.o
    0x0001b180   0x0000002c   Code   RO         6109    .text               mc_p.l(uidiv.o)
    0x0001b1ac   0x00000028   Code   RO         6111    .text               mc_p.l(idiv.o)
    0x0001b1d4   0x00000060   Code   RO         6113    .text               mc_p.l(uldiv.o)
    0x0001b234   0x00000024   Code   RO         6115    .text               mc_p.l(rand.o)
    0x0001b258   0x00000024   Code   RO         6118    .text               mc_p.l(memcpya.o)
    0x0001b27c   0x00000024   Code   RO         6120    .text               mc_p.l(memseta.o)
    0x0001b2a0   0x0000000e   Code   RO         6122    .text               mc_p.l(strlen.o)
    0x0001b2ae   0x0000001a   Code   RO         6124    .text               mc_p.l(memcmp.o)
    0x0001b2c8   0x00000020   Code   RO         6170    .text               mc_p.l(llshl.o)
    0x0001b2e8   0x00000022   Code   RO         6172    .text               mc_p.l(llushr.o)
    0x0001b30a   0x00000002   PAD
    0x0001b30c   0x00000024   Code   RO         6185    .text               mc_p.l(init.o)
    0x0001b330   0x0000003a   Code   RO         6201    .text               mc_p.l(__dczerorl.o)
    0x0001b36a   0x00000002   PAD
    0x0001b36c   0x00000068   Code   RO         2005    i.ADC_IRQHandler    nrf_drv_adc.o
    0x0001b3d4   0x00000014   Code   RO         4396    i.AES_Decrypt       aes.o
    0x0001b3e8   0x00000090   Code   RO         4397    i.AES_ECB_decrypt   aes.o
    0x0001b478   0x00000034   Code   RO         4399    i.AES_Encrypt       aes.o
    0x0001b4ac   0x00000018   Code   RO         5306    i.Access_BeepStart  access.o
    0x0001b4c4   0x00000460   Code   RO         5307    i.Access_CardDatProc  access.o
    0x0001b924   0x0000018c   Code   RO         5308    i.Access_CardProcess  access.o
    0x0001bab0   0x0000003c   Code   RO         5309    i.Access_ComTime    access.o
    0x0001baec   0x0000003c   Code   RO         5310    i.Access_ComTimeLoop  access.o
    0x0001bb28   0x00000164   Code   RO         5312    i.Access_DetCardProc  access.o
    0x0001bc8c   0x0000003c   Code   RO         5313    i.Access_EraseAllKey  access.o
    0x0001bcc8   0x00000038   Code   RO         5314    i.Access_EraseRecordData  access.o
    0x0001bd00   0x00000064   Code   RO         5315    i.Access_FlashArrang  access.o
    0x0001bd64   0x00000088   Code   RO         5316    i.Access_GetRecord  access.o
    0x0001bdec   0x00000018   Code   RO         5317    i.Access_GetSupportType  access.o
    0x0001be04   0x0000004c   Code   RO         5318    i.Access_Init       access.o
    0x0001be50   0x00000150   Code   RO         5319    i.Access_LearnCardOk  access.o
    0x0001bfa0   0x00000028   Code   RO         5320    i.Access_LightStart  access.o
    0x0001bfc8   0x00000024   Code   RO         5321    i.Access_Lock       access.o
    0x0001bfec   0x00000028   Code   RO         5322    i.Access_OpenError  access.o
    0x0001c014   0x00000094   Code   RO         5323    i.Access_TimerProc  access.o
    0x0001c0a8   0x00000058   Code   RO         5324    i.Access_Unlock     access.o
    0x0001c100   0x00000078   Code   RO         5326    i.Access_WriteRecordFlash  access.o
    0x0001c178   0x00000040   Code   RO         4400    i.AddRoundKey       aes.o
    0x0001c1b8   0x00000070   Code   RO         4016    i.BKDRHash          proto_analy.o
    0x0001c228   0x000000e8   Code   RO         3873    i.Beep_IoCtl        beep.o
    0x0001c310   0x0000000c   Code   RO         3874    i.Beep_Open         beep.o
    0x0001c31c   0x00000048   Code   RO         3875    i.Beep_Write        beep.o
    0x0001c364   0x00000060   Code   RO         5499    i.BlackList_Add     lockkey.o
    0x0001c3c4   0x00000050   Code   RO         5500    i.BlackList_LoadPara  lockkey.o
    0x0001c414   0x00000050   Code   RO         5502    i.BlackList_RemoveKey  lockkey.o
    0x0001c464   0x00000048   Code   RO         5503    i.BlackList_StorePara  lockkey.o
    0x0001c4ac   0x00000008   Code   RO            4    i.BleProc_timer_handler  main.o
    0x0001c4b4   0x00000034   Code   RO            5    i.BleProc_timer_start  main.o
    0x0001c4e8   0x00000064   Code   RO         5112    i.CalulateCRC       rc522.o
    0x0001c54c   0x0000003c   Code   RO            6    i.Carddet_timer_handler  main.o
    0x0001c588   0x0000003c   Code   RO            7    i.Carddet_timer_start  main.o
    0x0001c5c4   0x00000016   Code   RO         5113    i.ClearBitMask      rc522.o
    0x0001c5da   0x00000002   PAD
    0x0001c5dc   0x00000064   Code   RO         4471    i.Encpt_DecrpytExt  encpt.o
    0x0001c640   0x00000060   Code   RO         4472    i.Encpt_EncryptExt  encpt.o
    0x0001c6a0   0x00000014   Code   RO         3755    i.Event_Get         event.o
    0x0001c6b4   0x0000000c   Code   RO         3756    i.Event_Init        event.o
    0x0001c6c0   0x00000010   Code   RO         3757    i.Event_Remove      event.o
    0x0001c6d0   0x00000010   Code   RO         3759    i.Event_Set         event.o
    0x0001c6e0   0x00000080   Code   RO         6000    i.Factory_Motor_Test  factory.o
    0x0001c760   0x00000064   Code   RO         6001    i.Factory_Proc      factory.o
    0x0001c7c4   0x00000048   Code   RO         4961    i.Flash_Close       flash.o
    0x0001c80c   0x0000007c   Code   RO         4962    i.Flash_IoCtl       flash.o
    0x0001c888   0x00000030   Code   RO         4963    i.Flash_Open        flash.o
    0x0001c8b8   0x00000088   Code   RO         4964    i.Flash_Read        flash.o
    0x0001c940   0x00000044   Code   RO         4965    i.Flash_SpiBlockErase  flash.o
    0x0001c984   0x000000b8   Code   RO         4966    i.Flash_SpiPageWrite  flash.o
    0x0001ca3c   0x00000030   Code   RO         4967    i.Flash_SpiSendByte  flash.o
    0x0001ca6c   0x0000003c   Code   RO         4968    i.Flash_SpiWaitForWriteEndEx  flash.o
    0x0001caa8   0x000000c8   Code   RO         4969    i.Flash_Write       flash.o
    0x0001cb70   0x0000002c   Code   RO         1396    i.GPIOTE_IRQHandler  nrf_drv_gpiote.o
    0x0001cb9c   0x00000050   Code   RO         5804    i.HC595_Init        hc595.o
    0x0001cbec   0x00000044   Code   RO         5805    i.HC595_LedWriteData  hc595.o
    0x0001cc30   0x0000018c   Code   RO         5327    i.HardDbg_Timepro   access.o
    0x0001cdbc   0x000000b8   Code   RO         5750    i.I2C_SOFT_Byte_Rx  i2c_soft.o
    0x0001ce74   0x000000b8   Code   RO         5751    i.I2C_SOFT_Byte_Tx  i2c_soft.o
    0x0001cf2c   0x00000014   Code   RO         5752    i.I2C_SOFT_Init     i2c_soft.o
    0x0001cf40   0x00000084   Code   RO         5753    i.I2C_SOFT_Start    i2c_soft.o
    0x0001cfc4   0x00000088   Code   RO         5754    i.I2C_SOFT_Stop     i2c_soft.o
    0x0001d04c   0x00000064   Code   RO         5328    i.Infrared_Keyscan  access.o
    0x0001d0b0   0x00000190   Code   RO         4402    i.InvMixColumns     aes.o
    0x0001d240   0x0000003c   Code   RO         4403    i.InvShiftRows      aes.o
    0x0001d27c   0x000000ec   Code   RO         4404    i.KeyExpansion      aes.o
    0x0001d368   0x00000024   Code   RO         4695    i.Key_Close         key.o
    0x0001d38c   0x00000012   Code   RO         4696    i.Key_IoCtl         key.o
    0x0001d39e   0x00000002   PAD
    0x0001d3a0   0x00000118   Code   RO         4697    i.Key_IoCtlScan     key.o
    0x0001d4b8   0x00000014   Code   RO         4699    i.Key_Open          key.o
    0x0001d4cc   0x0000001c   Code   RO         4700    i.Key_Read          key.o
    0x0001d4e8   0x0000002c   Code   RO         5830    i.Light_AllOff      light.o
    0x0001d514   0x00000030   Code   RO         5831    i.Light_AllOn       light.o
    0x0001d544   0x00000024   Code   RO         5832    i.Light_AllTogg     light.o
    0x0001d568   0x0000000a   Code   RO         5833    i.Light_BattOff     light.o
    0x0001d572   0x00000002   PAD
    0x0001d574   0x00000010   Code   RO         5834    i.Light_BattOn      light.o
    0x0001d584   0x00000020   Code   RO         5835    i.Light_BattTogg    light.o
    0x0001d5a4   0x0000000a   Code   RO         5839    i.Light_ConnOff     light.o
    0x0001d5ae   0x0000000c   Code   RO         5840    i.Light_ConnOn      light.o
    0x0001d5ba   0x00000002   PAD
    0x0001d5bc   0x00000020   Code   RO         5841    i.Light_ConnTogg    light.o
    0x0001d5dc   0x000000c0   Code   RO         5842    i.Light_IoCtl       light.o
    0x0001d69c   0x0000000a   Code   RO         5843    i.Light_NgOff       light.o
    0x0001d6a6   0x00000002   PAD
    0x0001d6a8   0x00000010   Code   RO         5844    i.Light_NgOn        light.o
    0x0001d6b8   0x00000020   Code   RO         5845    i.Light_NgTogg      light.o
    0x0001d6d8   0x0000000a   Code   RO         5846    i.Light_OkOff       light.o
    0x0001d6e2   0x0000000c   Code   RO         5847    i.Light_OkOn        light.o
    0x0001d6ee   0x00000002   PAD
    0x0001d6f0   0x00000020   Code   RO         5848    i.Light_OkTogg      light.o
    0x0001d710   0x00000014   Code   RO         5849    i.Light_Open        light.o
    0x0001d724   0x0000005c   Code   RO         5850    i.Light_Write       light.o
    0x0001d780   0x0000000c   Code   RO         3155    i.LockCommu_Init    lock_commu.o
    0x0001d78c   0x00000088   Code   RO         3156    i.LockCommu_Proc    lock_commu.o
    0x0001d814   0x00000044   Code   RO         3157    i.LockCommu_SendStart  lock_commu.o
    0x0001d858   0x0000004c   Code   RO         3158    i.LockCommu_TimerProc  lock_commu.o
    0x0001d8a4   0x00000036   Code   RO         5504    i.LockKey_Add_VisitCodeKey  lockkey.o
    0x0001d8da   0x00000002   PAD
    0x0001d8dc   0x0000014c   Code   RO         5505    i.LockKey_Check_CardKey  lockkey.o
    0x0001da28   0x000000b8   Code   RO         5506    i.LockKey_Check_PaswdKey  lockkey.o
    0x0001dae0   0x000002e8   Code   RO         5507    i.LockKey_CommPswdId  lockkey.o
    0x0001ddc8   0x00000090   Code   RO         5508    i.LockKey_RemoveKey  lockkey.o
    0x0001de58   0x00000108   Code   RO         5509    i.LockKey_Remove_Key  lockkey.o
    0x0001df60   0x000000c4   Code   RO         5510    i.LockKey_Remove_PasswordKey  lockkey.o
    0x0001e024   0x000000b0   Code   RO         5511    i.LockKey_Remove_VisitCodeKey  lockkey.o
    0x0001e0d4   0x00000068   Code   RO         5512    i.LockKey_Start_LearnCardKey  lockkey.o
    0x0001e13c   0x00000044   Code   RO         5657    i.Main_GetWeekFromDay  rtc.o
    0x0001e180   0x00000084   Code   RO         5116    i.PcdAnticoll       rc522.o
    0x0001e204   0x00000058   Code   RO         5117    i.PcdAuthState      rc522.o
    0x0001e25c   0x00000130   Code   RO         5119    i.PcdComMF522       rc522.o
    0x0001e38c   0x00000052   Code   RO         5120    i.PcdRead           rc522.o
    0x0001e3de   0x0000009c   Code   RO         5121    i.PcdRequestA       rc522.o
    0x0001e47a   0x00000066   Code   RO         5123    i.PcdSelect         rc522.o
    0x0001e4e0   0x00000180   Code   RO         4017    i.ProtoAnaly_AddId  proto_analy.o
    0x0001e660   0x00000070   Code   RO         4018    i.ProtoAnaly_AddKeyInfo  proto_analy.o
    0x0001e6d0   0x000000b8   Code   RO         4020    i.ProtoAnaly_CheckTime  proto_analy.o
    0x0001e788   0x00000040   Code   RO         4021    i.ProtoAnaly_CmdAppProc  proto_analy.o
    0x0001e7c8   0x00000040   Code   RO         4022    i.ProtoAnaly_CmdMacProc  proto_analy.o
    0x0001e808   0x000000b8   Code   RO         4023    i.ProtoAnaly_ConfigDeviceExtIn  proto_analy.o
    0x0001e8c0   0x00000026   Code   RO         4025    i.ProtoAnaly_DeleteKeyInfo  proto_analy.o
    0x0001e8e6   0x00000002   PAD
    0x0001e8e8   0x0000000c   Code   RO         4026    i.ProtoAnaly_EthAckOk  proto_analy.o
    0x0001e8f4   0x0000005c   Code   RO         4027    i.ProtoAnaly_FactoryTest  proto_analy.o
    0x0001e950   0x00000038   Code   RO         4028    i.ProtoAnaly_GetTimeIn  proto_analy.o
    0x0001e988   0x00000030   Code   RO         4029    i.ProtoAnaly_HashKeyInit  proto_analy.o
    0x0001e9b8   0x00000070   Code   RO         4031    i.ProtoAnaly_Init   proto_analy.o
    0x0001ea28   0x000000c4   Code   RO         4032    i.ProtoAnaly_LoadRecordIn  proto_analy.o
    0x0001eaec   0x0000009c   Code   RO         4037    i.ProtoAnaly_ModifyCustomInfo  proto_analy.o
    0x0001eb88   0x00000034   Code   RO         4038    i.ProtoAnaly_ModifyPaswdIn  proto_analy.o
    0x0001ebbc   0x0000001c   Code   RO         4039    i.ProtoAnaly_PowerOffIn  proto_analy.o
    0x0001ebd8   0x0000004c   Code   RO         4040    i.ProtoAnaly_PowerOnIn  proto_analy.o
    0x0001ec24   0x00000054   Code   RO         4041    i.ProtoAnaly_ProcEnd  proto_analy.o
    0x0001ec78   0x00000004   Code   RO         4042    i.ProtoAnaly_PublicProc  proto_analy.o
    0x0001ec7c   0x0000006c   Code   RO         4043    i.ProtoAnaly_ReadDeviceInfoExtIn  proto_analy.o
    0x0001ece8   0x00000014   Code   RO         4044    i.ProtoAnaly_ReadKeyInfo  proto_analy.o
    0x0001ecfc   0x00000024   Code   RO         4045    i.ProtoAnaly_ReadVerSionIn  proto_analy.o
    0x0001ed20   0x00000006   Code   RO         4047    i.ProtoAnaly_RecordAckIn  proto_analy.o
    0x0001ed26   0x00000002   PAD
    0x0001ed28   0x00000168   Code   RO         4050    i.ProtoAnaly_RemoveId  proto_analy.o
    0x0001ee90   0x0000002a   Code   RO         4052    i.ProtoAnaly_RomveIdin  proto_analy.o
    0x0001eeba   0x00000002   PAD
    0x0001eebc   0x0000005c   Code   RO         4054    i.ProtoAnaly_SetListIn  proto_analy.o
    0x0001ef18   0x0000001c   Code   RO         4055    i.ProtoAnaly_SetParaDefIn  proto_analy.o
    0x0001ef34   0x00000044   Code   RO         4056    i.ProtoAnaly_SetTimeIn  proto_analy.o
    0x0001ef78   0x00000014   Code   RO         4057    i.ProtoAnaly_SetTouchSenvedin  proto_analy.o
    0x0001ef8c   0x00000094   Code   RO         4058    i.ProtoAnaly_UpdateTime  proto_analy.o
    0x0001f020   0x0000015c   Code   RO         4317    i.Proto_CommHostAckPack  proto_commpack.o
    0x0001f17c   0x000000bc   Code   RO         4318    i.Proto_CommHostPackRec  proto_commpack.o
    0x0001f238   0x00000254   Code   RO         4319    i.Proto_CommHostUnPackRec  proto_commpack.o
    0x0001f48c   0x0000001c   Code   RO         4320    i.Proto_CommPrackInit  proto_commpack.o
    0x0001f4a8   0x00000012   Code   RO         4376    i.Proto_NetCommSend  proto_netcomm.o
    0x0001f4ba   0x00000002   PAD
    0x0001f4bc   0x00000084   Code   RO         4322    i.Proto_UpdateLearnRecord  proto_commpack.o
    0x0001f540   0x00000058   Code   RO         3932    i.PwmUser_SetPameterBuzz  pwm.o
    0x0001f598   0x0000003c   Code   RO         3933    i.Pwm_IoCtl         pwm.o
    0x0001f5d4   0x0000000c   Code   RO         3934    i.Pwm_Open          pwm.o
    0x0001f5e0   0x000001c0   Code   RO         5129    i.RC_PcdISOType     rc522.o
    0x0001f7a0   0x000000a4   Code   RO         2229    i.RTC1_IRQHandler   app_timer.o
    0x0001f844   0x00000068   Code   RO         5130    i.Rc522_DetTypeA    rc522.o
    0x0001f8ac   0x000000bc   Code   RO         5132    i.Rc522_Ioctl       rc522.o
    0x0001f968   0x00000024   Code   RO         5133    i.Rc522_Open        rc522.o
    0x0001f98c   0x00000058   Code   RO         5134    i.Rc522_PowerOn     rc522.o
    0x0001f9e4   0x00000018   Code   RO         5135    i.Rc522_Read        rc522.o
    0x0001f9fc   0x0000003c   Code   RO         5329    i.ReLay_Keyscan     access.o
    0x0001fa38   0x00000038   Code   RO         5330    i.ReLay_Timepro     access.o
    0x0001fa70   0x00000050   Code   RO         5139    i.ReadRawRC         rc522.o
    0x0001fac0   0x00000064   Code   RO         5515    i.RecordList_LoadPara  lockkey.o
    0x0001fb24   0x00000048   Code   RO         5516    i.RecordList_StorePara  lockkey.o
    0x0001fb6c   0x0000002c   Code   RO         5659    i.Rtc_Ioctl         rtc.o
    0x0001fb98   0x000000c0   Code   RO         5660    i.Rtc_Open          rtc.o
    0x0001fc58   0x00000124   Code   RO         5661    i.Rtc_Read          rtc.o
    0x0001fd7c   0x0000005c   Code   RO         5662    i.Rtc_ReadNBytes    rtc.o
    0x0001fdd8   0x00000130   Code   RO         5663    i.Rtc_Set           rtc.o
    0x0001ff08   0x0000003e   Code   RO         5664    i.Rtc_SwapByte      rtc.o
    0x0001ff46   0x000000a8   Code   RO         5665    i.Rtc_WlarmSet      rtc.o
    0x0001ffee   0x00000048   Code   RO         5666    i.Rtc_WriteNBytes   rtc.o
    0x00020036   0x00000002   PAD
    0x00020038   0x00000040   Code   RO         1941    i.SPI0_TWI0_IRQHandler  nrf_drv_spi.o
    0x00020078   0x00000044   Code   RO         4970    i.SPI_FLASH_ReadID  flash.o
    0x000200bc   0x00000008   Code   RO         2230    i.SWI0_IRQHandler   app_timer.o
    0x000200c4   0x00000020   Code   RO         3065    i.SWI2_IRQHandler   softdevice_handler.o
    0x000200e4   0x0000001e   Code   RO            8    i.SendUart_data     main.o
    0x00020102   0x00000002   PAD
    0x00020104   0x00000144   Code   RO         4901    i.Send_Weigand34    tsmxx_irq.o
    0x00020248   0x00000038   Code   RO         5518    i.ServeKeyList_Readflash  lockkey.o
    0x00020280   0x00000040   Code   RO         5521    i.ServeKeyList_Writeflash  lockkey.o
    0x000202c0   0x00000018   Code   RO         5140    i.SetBitMask        rc522.o
    0x000202d8   0x00000034   Code   RO            9    i.SysBase_timer_handler  main.o
    0x0002030c   0x0000003c   Code   RO           10    i.SysBasetimer_Start  main.o
    0x00020348   0x00000008   Code   RO         3663    i.Sys_GenFun16To8   sys_genfun.o
    0x00020350   0x00000010   Code   RO         3664    i.Sys_GenFun32To8   sys_genfun.o
    0x00020360   0x0000000a   Code   RO         3665    i.Sys_GenFun8To16   sys_genfun.o
    0x0002036a   0x00000016   Code   RO         3666    i.Sys_GenFun8To32   sys_genfun.o
    0x00020380   0x0000001a   Code   RO         3667    i.Sys_GenFunChecksum  sys_genfun.o
    0x0002039a   0x00000024   Code   RO         3669    i.Sys_GenFunDelayMs  sys_genfun.o
    0x000203be   0x00000016   Code   RO         3670    i.Sys_GenFunDelayUs  sys_genfun.o
    0x000203d4   0x00000012   Code   RO         3674    i.Sys_GenFunhtons   sys_genfun.o
    0x000203e6   0x00000002   PAD
    0x000203e8   0x00000114   Code   RO         3502    i.Sys_Init          sys.o
    0x000204fc   0x00000048   Code   RO         3506    i.Sys_IoStartUp     sys.o
    0x00020544   0x00000094   Code   RO         3507    i.Sys_LoadPara      sys.o
    0x000205d8   0x00000084   Code   RO         3508    i.Sys_Parainit      sys.o
    0x0002065c   0x000000bc   Code   RO         3509    i.Sys_ParainitFirst  sys.o
    0x00020718   0x0000007c   Code   RO         3510    i.Sys_RestProc      sys.o
    0x00020794   0x0000004c   Code   RO         3512    i.Sys_SpiOpen       sys.o
    0x000207e0   0x00000040   Code   RO         3513    i.Sys_StorePara     sys.o
    0x00020820   0x00000018   Code   RO         3805    i.Sys_TimeBaseX64ms  sys_timebase.o
    0x00020838   0x00000028   Code   RO         3807    i.Sys_TimeBaseX64msTask  sys_timebase.o
    0x00020860   0x0000001c   Code   RO         3514    i.Sys_wdt_feed      sys.o
    0x0002087c   0x0000000c   Code   RO         3516    i.Sys_wdt_start     sys.o
    0x00020888   0x000000cc   Code   RO         6077    i.SystemInit        system_nrf51.o
    0x00020954   0x00000048   Code   RO         1832    i.TIMER0_IRQHandler  nrf_drv_timer.o
    0x0002099c   0x00000020   Code   RO         3853    i.TIMER2_IRQHandler  sys_timebaseirq.o
    0x000209bc   0x0000002c   Code   RO         4778    i.Touch_Init        touch.o
    0x000209e8   0x000000d4   Code   RO         4779    i.Touch_KeyProc     touch.o
    0x00020abc   0x00000218   Code   RO         4780    i.Touch_Proc        touch.o
    0x00020cd4   0x00000070   Code   RO         4781    i.Touch_TimerProc   touch.o
    0x00020d44   0x0000010c   Code   RO         4834    i.Tsm_Init          tsmxx.o
    0x00020e50   0x00000040   Code   RO         4903    i.Tsmxx_Irq_Init    tsmxx_irq.o
    0x00020e90   0x0000005c   Code   RO         4836    i.Tsmxx_Open        tsmxx.o
    0x00020eec   0x000001fc   Code   RO         4837    i.Tsmxx_ReadDat     tsmxx.o
    0x000210e8   0x00000038   Code   RO         4838    i.Tsmxx_ReadIndex   tsmxx.o
    0x00021120   0x00000068   Code   RO         4839    i.Tsmxx_Read_Nyetes  tsmxx.o
    0x00021188   0x00000048   Code   RO         4840    i.Tsmxx_Write_Nyetes  tsmxx.o
    0x000211d0   0x00000008   Code   RO         1544    i.UART0_IRQHandler  nrf_drv_uart.o
    0x000211d8   0x00000010   Code   RO         4906    i.Wiegand_Init      tsmxx_irq.o
    0x000211e8   0x0000003c   Code   RO         5141    i.WriteRawRC        rc522.o
    0x00021224   0x0000000e   Code   RO          164    i.__ARM_common_memclr1_5  main.o
    0x00021232   0x00000010   Code   RO         1157    i.__ARM_common_memclr1_6  device_manager_peripheral.o
    0x00021242   0x0000000a   Code   RO         3634    i.__ARM_common_memclr2_6  sys.o
    0x0002124c   0x0000000c   Code   RO         1159    i.__ARM_common_memclr2_7  device_manager_peripheral.o
    0x00021258   0x0000000a   Code   RO          747    i.__ARM_common_memclr4_7  ble_advertising.o
    0x00021262   0x00000016   Code   RO         1155    i.__ARM_common_memcpy1_5  device_manager_peripheral.o
    0x00021278   0x0000001a   Code   RO          675    i.__ARM_common_memcpy1_6  ble_advdata.o
    0x00021292   0x00000022   Code   RO         4295    i.__ARM_common_memcpy1_8  proto_analy.o
    0x000212b4   0x0000000e   Code   RO         3048    i.__ARM_common_memcpy4_7  segger_rtt.o
    0x000212c2   0x00000012   Code   RO         5481    i.__ARM_common_memset4_12  access.o
    0x000212d4   0x0000000e   Code   RO         6195    i.__scatterload_copy  mc_p.l(handlers.o)
    0x000212e2   0x00000002   Code   RO         6196    i.__scatterload_null  mc_p.l(handlers.o)
    0x000212e4   0x0000000e   Code   RO         6197    i.__scatterload_zeroinit  mc_p.l(handlers.o)
    0x000212f2   0x00000002   PAD
    0x000212f4   0x00000064   Code   RO         2006    i.adc_sample_process  nrf_drv_adc.o
    0x00021358   0x000004c0   Code   RO          644    i.adv_data_encode   ble_advdata.o
    0x00021818   0x000000a4   Code   RO           11    i.advertising_init  main.o
    0x000218bc   0x0000001c   Code   RO         2152    i.app_error_fault_handler  app_error_weak.o
    0x000218d8   0x0000001c   Code   RO         2117    i.app_error_handler_bare  app_error.o
    0x000218f4   0x00000022   Code   RO         2173    i.app_fifo_get      app_fifo.o
    0x00021916   0x00000024   Code   RO         2174    i.app_fifo_init     app_fifo.o
    0x0002193a   0x00000022   Code   RO         2176    i.app_fifo_put      app_fifo.o
    0x0002195c   0x00000020   Code   RO         2822    i.app_pwm_channel_duty_set  app_pwm.o
    0x0002197c   0x000003f0   Code   RO         2824    i.app_pwm_channel_duty_ticks_set  app_pwm.o
    0x00021d6c   0x000000c4   Code   RO         2826    i.app_pwm_disable   app_pwm.o
    0x00021e30   0x000000b0   Code   RO         2827    i.app_pwm_enable    app_pwm.o
    0x00021ee0   0x00000268   Code   RO         2828    i.app_pwm_init      app_pwm.o
    0x00022148   0x00000028   Code   RO         2829    i.app_pwm_uninit    app_pwm.o
    0x00022170   0x0000002c   Code   RO         2233    i.app_timer_create  app_timer.o
    0x0002219c   0x000000e0   Code   RO         2234    i.app_timer_init    app_timer.o
    0x0002227c   0x000000a4   Code   RO         2235    i.app_timer_start   app_timer.o
    0x00022320   0x00000074   Code   RO         2236    i.app_timer_stop    app_timer.o
    0x00022394   0x00000034   Code   RO         1269    i.app_uart_get      app_uart_fifo.o
    0x000223c8   0x000000a8   Code   RO         1270    i.app_uart_init     app_uart_fifo.o
    0x00022470   0x00000038   Code   RO         1271    i.app_uart_put      app_uart_fifo.o
    0x000224a8   0x00000040   Code   RO         2330    i.app_util_critical_region_enter  app_util_platform.o
    0x000224e8   0x0000002c   Code   RO         2331    i.app_util_critical_region_exit  app_util_platform.o
    0x00022514   0x00000078   Code   RO          645    i.ble_advdata_set   ble_advdata.o
    0x0002258c   0x00000150   Code   RO          692    i.ble_advertising_init  ble_advertising.o
    0x000226dc   0x000000a0   Code   RO          693    i.ble_advertising_on_ble_evt  ble_advertising.o
    0x0002277c   0x00000030   Code   RO          694    i.ble_advertising_on_sys_evt  ble_advertising.o
    0x000227ac   0x000001f8   Code   RO          697    i.ble_advertising_start  ble_advertising.o
    0x000229a4   0x0000006c   Code   RO          761    i.ble_conn_params_init  ble_conn_params.o
    0x00022a10   0x000000ac   Code   RO          762    i.ble_conn_params_on_ble_evt  ble_conn_params.o
    0x00022abc   0x00000010   Code   RO          763    i.ble_conn_params_stop  ble_conn_params.o
    0x00022acc   0x000000a0   Code   RO         1170    i.ble_dahao_add_characteristics  ble_dahao.o
    0x00022b6c   0x0000001c   Code   RO         1171    i.ble_dahao_add_service  ble_dahao.o
    0x00022b88   0x00000084   Code   RO         1172    i.ble_dahao_get_manual_data  ble_dahao.o
    0x00022c0c   0x000000c0   Code   RO         1173    i.ble_dahao_get_scan_data  ble_dahao.o
    0x00022ccc   0x0000003a   Code   RO         1174    i.ble_dahao_notify_data  ble_dahao.o
    0x00022d06   0x00000036   Code   RO         1175    i.ble_dahao_on_ble_evt  ble_dahao.o
    0x00022d3c   0x00000074   Code   RO         1176    i.ble_dahao_start_advert  ble_dahao.o
    0x00022db0   0x00000028   Code   RO         1177    i.ble_dahao_stop_advert  ble_dahao.o
    0x00022dd8   0x0000009c   Code   RO           13    i.ble_dahao_timer_proc  main.o
    0x00022e74   0x000001dc   Code   RO          831    i.ble_dfu_init      ble_dfu.o
    0x00023050   0x000001b4   Code   RO          832    i.ble_dfu_on_ble_evt  ble_dfu.o
    0x00023204   0x00000068   Code   RO          834    i.ble_dfu_response_send  ble_dfu.o
    0x0002326c   0x00000060   Code   RO           14    i.ble_evt_dispatch  main.o
    0x000232cc   0x0000004c   Code   RO          931    i.bond_data_load    device_manager_peripheral.o
    0x00023318   0x00000008   Code   RO         2376    i.bootloader_util_app_start  bootloader_util.o
    0x00023320   0x00000014   Code   RO          612    i.bsp_btn_ble_sleep_mode_prepare  bsp_btn_ble.o
    0x00023334   0x00000004   Code   RO          528    i.bsp_wakeup_buttons_set  bsp.o
    0x00023338   0x00000050   Code   RO         1397    i.channel_port_alloc  nrf_drv_gpiote.o
    0x00023388   0x00000114   Code   RO         1647    i.clear_operation_execute  pstorage.o
    0x0002349c   0x00000020   Code   RO         1648    i.cmd_queue_element_init  pstorage.o
    0x000234bc   0x00000074   Code   RO         1649    i.cmd_queue_enqueue  pstorage.o
    0x00023530   0x00000058   Code   RO         1650    i.command_end_procedure_run  pstorage.o
    0x00023588   0x00000008   Code   RO           16    i.conn_params_error_handler  main.o
    0x00023590   0x00000074   Code   RO          764    i.conn_params_negotiation  ble_conn_params.o
    0x00023604   0x0000008c   Code   RO         1651    i.data_page_erase_state_run  pstorage.o
    0x00023690   0x00000030   Code   RO         1652    i.data_to_swap_write_state_run  pstorage.o
    0x000236c0   0x000000bc   Code   RO          932    i.device_context_store  device_manager_peripheral.o
    0x0002377c   0x00000090   Code   RO           17    i.device_manager_evt_handler  main.o
    0x0002380c   0x00000018   Code   RO         2397    i.dfu_app_dm_appl_instance_set  dfu_app_handler.o
    0x00023824   0x00000144   Code   RO         2398    i.dfu_app_on_dfu_evt  dfu_app_handler.o
    0x00023968   0x00000002   Code   RO         2399    i.dfu_app_reset_prepare  dfu_app_handler.o
    0x0002396a   0x00000002   PAD
    0x0002396c   0x0000000c   Code   RO         2400    i.dfu_app_reset_prepare_set  dfu_app_handler.o
    0x00023978   0x000000ac   Code   RO          933    i.dm_application_context_delete  device_manager_peripheral.o
    0x00023a24   0x000000c8   Code   RO          934    i.dm_application_context_get  device_manager_peripheral.o
    0x00023aec   0x000000f0   Code   RO          935    i.dm_application_context_set  device_manager_peripheral.o
    0x00023bdc   0x00000040   Code   RO          936    i.dm_application_instance_set  device_manager_peripheral.o
    0x00023c1c   0x0000055c   Code   RO          937    i.dm_ble_evt_handler  device_manager_peripheral.o
    0x00024178   0x000000b8   Code   RO          941    i.dm_distributed_keys_get  device_manager_peripheral.o
    0x00024230   0x00000060   Code   RO          942    i.dm_handle_get     device_manager_peripheral.o
    0x00024290   0x00000140   Code   RO          944    i.dm_init           device_manager_peripheral.o
    0x000243d0   0x0000008c   Code   RO          945    i.dm_peer_addr_get  device_manager_peripheral.o
    0x0002445c   0x000001d0   Code   RO          947    i.dm_pstorage_cb_handler  device_manager_peripheral.o
    0x0002462c   0x00000078   Code   RO          948    i.dm_register       device_manager_peripheral.o
    0x000246a4   0x0000004c   Code   RO         1653    i.flash_api_err_code_process  pstorage.o
    0x000246f0   0x00000094   Code   RO         1654    i.flash_operation_success_run  pstorage.o
    0x00024784   0x00000018   Code   RO         2448    i.fs_queued_op_count_get  fstorage.o
    0x0002479c   0x00000004   Code   RO          955    i.gattc_context_apply  device_manager_peripheral.o
    0x000247a0   0x00000004   Code   RO          956    i.gattc_context_load  device_manager_peripheral.o
    0x000247a4   0x00000004   Code   RO          957    i.gattc_context_store  device_manager_peripheral.o
    0x000247a8   0x000000b4   Code   RO          958    i.gatts_context_apply  device_manager_peripheral.o
    0x0002485c   0x00000030   Code   RO          959    i.gatts_context_load  device_manager_peripheral.o
    0x0002488c   0x000000c0   Code   RO          960    i.gatts_context_store  device_manager_peripheral.o
    0x0002494c   0x00000008   Code   RO          961    i.gattsc_context_apply  device_manager_peripheral.o
    0x00024954   0x00000034   Code   RO          962    i.gattsc_context_load  device_manager_peripheral.o
    0x00024988   0x00000008   Code   RO          963    i.gattsc_context_store  device_manager_peripheral.o
    0x00024990   0x000000a0   Code   RO         1655    i.head_restore_state_run  pstorage.o
    0x00024a30   0x00000078   Code   RO         3066    i.intern_softdevice_events_execute  softdevice_handler.o
    0x00024aa8   0x00000048   Code   RO         1656    i.is_page_erase_required  pstorage.o
    0x00024af0   0x000002cc   Code   RO           18    i.main              main.o
    0x00024dbc   0x00000004   Code   RO          964    i.no_service_context_apply  device_manager_peripheral.o
    0x00024dc0   0x00000004   Code   RO          965    i.no_service_context_load  device_manager_peripheral.o
    0x00024dc4   0x00000004   Code   RO          966    i.no_service_context_store  device_manager_peripheral.o
    0x00024dc8   0x00000024   Code   RO         1343    i.nrf_delay_ms      nrf_delay.o
    0x00024dec   0x00000060   Code   RO         1370    i.nrf_drv_common_irq_enable  nrf_drv_common.o
    0x00024e4c   0x00000060   Code   RO         1404    i.nrf_drv_gpiote_init  nrf_drv_gpiote.o
    0x00024eac   0x00000010   Code   RO         1405    i.nrf_drv_gpiote_is_init  nrf_drv_gpiote.o
    0x00024ebc   0x00000094   Code   RO         1407    i.nrf_drv_gpiote_out_init  nrf_drv_gpiote.o
    0x00024f50   0x0000001c   Code   RO         1409    i.nrf_drv_gpiote_out_task_addr_get  nrf_drv_gpiote.o
    0x00024f6c   0x00000020   Code   RO         1410    i.nrf_drv_gpiote_out_task_disable  nrf_drv_gpiote.o
    0x00024f8c   0x00000030   Code   RO         1411    i.nrf_drv_gpiote_out_task_enable  nrf_drv_gpiote.o
    0x00024fbc   0x0000002c   Code   RO         1412    i.nrf_drv_gpiote_out_task_force  nrf_drv_gpiote.o
    0x00024fe8   0x00000050   Code   RO         1415    i.nrf_drv_gpiote_out_uninit  nrf_drv_gpiote.o
    0x00025038   0x00000054   Code   RO         2705    i.nrf_drv_ppi_channel_alloc  nrf_drv_ppi.o
    0x0002508c   0x00000044   Code   RO         2706    i.nrf_drv_ppi_channel_assign  nrf_drv_ppi.o
    0x000250d0   0x0000002c   Code   RO         2707    i.nrf_drv_ppi_channel_disable  nrf_drv_ppi.o
    0x000250fc   0x0000002c   Code   RO         2708    i.nrf_drv_ppi_channel_enable  nrf_drv_ppi.o
    0x00025128   0x0000003c   Code   RO         2710    i.nrf_drv_ppi_channel_free  nrf_drv_ppi.o
    0x00025164   0x00000050   Code   RO         2711    i.nrf_drv_ppi_channels_include_in_group  nrf_drv_ppi.o
    0x000251b4   0x00000050   Code   RO         2712    i.nrf_drv_ppi_channels_remove_from_group  nrf_drv_ppi.o
    0x00025204   0x00000050   Code   RO         2713    i.nrf_drv_ppi_group_alloc  nrf_drv_ppi.o
    0x00025254   0x00000030   Code   RO         2715    i.nrf_drv_ppi_group_enable  nrf_drv_ppi.o
    0x00025284   0x0000004c   Code   RO         2716    i.nrf_drv_ppi_group_free  nrf_drv_ppi.o
    0x000252d0   0x00000018   Code   RO         2717    i.nrf_drv_ppi_init  nrf_drv_ppi.o
    0x000252e8   0x00000120   Code   RO         1942    i.nrf_drv_spi_init  nrf_drv_spi.o
    0x00025408   0x0000001a   Code   RO         1943    i.nrf_drv_spi_transfer  nrf_drv_spi.o
    0x00025422   0x00000002   PAD
    0x00025424   0x00000118   Code   RO         1945    i.nrf_drv_spi_xfer  nrf_drv_spi.o
    0x0002553c   0x00000008   Code   RO         1834    i.nrf_drv_timer_clear  nrf_drv_timer.o
    0x00025544   0x0000002c   Code   RO         1835    i.nrf_drv_timer_compare  nrf_drv_timer.o
    0x00025570   0x00000012   Code   RO         1836    i.nrf_drv_timer_compare_int_disable  nrf_drv_timer.o
    0x00025582   0x00000024   Code   RO         1837    i.nrf_drv_timer_compare_int_enable  nrf_drv_timer.o
    0x000255a6   0x00000002   PAD
    0x000255a8   0x00000018   Code   RO         1838    i.nrf_drv_timer_disable  nrf_drv_timer.o
    0x000255c0   0x0000001c   Code   RO         1839    i.nrf_drv_timer_enable  nrf_drv_timer.o
    0x000255dc   0x00000052   Code   RO         1840    i.nrf_drv_timer_extended_compare  nrf_drv_timer.o
    0x0002562e   0x00000002   PAD
    0x00025630   0x000000b0   Code   RO         1842    i.nrf_drv_timer_init  nrf_drv_timer.o
    0x000256e0   0x00000054   Code   RO         1845    i.nrf_drv_timer_uninit  nrf_drv_timer.o
    0x00025734   0x000000d4   Code   RO         1546    i.nrf_drv_uart_init  nrf_drv_uart.o
    0x00025808   0x0000010c   Code   RO         1547    i.nrf_drv_uart_rx   nrf_drv_uart.o
    0x00025914   0x00000028   Code   RO         1550    i.nrf_drv_uart_rx_enable  nrf_drv_uart.o
    0x0002593c   0x000000a4   Code   RO         1551    i.nrf_drv_uart_tx   nrf_drv_uart.o
    0x000259e0   0x00000010   Code   RO         1553    i.nrf_drv_uart_tx_in_progress  nrf_drv_uart.o
    0x000259f0   0x00000010   Code   RO         5755    i.nrf_gpio_cfg_input  i2c_soft.o
    0x00025a00   0x00000010   Code   RO         3518    i.nrf_gpio_cfg_output  sys.o
    0x00025a10   0x00000010   Code   RO         5667    i.nrf_gpio_cfg_output  rtc.o
    0x00025a20   0x00000010   Code   RO         5756    i.nrf_gpio_cfg_output  i2c_soft.o
    0x00025a30   0x00000040   Code   RO           19    i.on_adv_evt        main.o
    0x00025a70   0x00000020   Code   RO           20    i.on_conn_params_evt  main.o
    0x00025a90   0x0000004c   Code   RO          967    i.peer_instance_init  device_manager_peripheral.o
    0x00025adc   0x00000028   Code   RO         1657    i.pstorage_access_status_get  pstorage.o
    0x00025b04   0x00000060   Code   RO         1658    i.pstorage_block_identifier_get  pstorage.o
    0x00025b64   0x000000a0   Code   RO         1659    i.pstorage_clear    pstorage.o
    0x00025c04   0x0000006c   Code   RO         1660    i.pstorage_init     pstorage.o
    0x00025c70   0x00000090   Code   RO         1661    i.pstorage_load     pstorage.o
    0x00025d00   0x000000b0   Code   RO         1662    i.pstorage_register  pstorage.o
    0x00025db0   0x0000007c   Code   RO         1663    i.pstorage_store    pstorage.o
    0x00025e2c   0x00000080   Code   RO         1664    i.pstorage_sys_event_handler  pstorage.o
    0x00025eac   0x0000007c   Code   RO         1665    i.pstorage_update   pstorage.o
    0x00025f28   0x00000084   Code   RO         2830    i.pwm_dealloc       app_pwm.o
    0x00025fac   0x00000054   Code   RO         2831    i.pwm_ready_tick    app_pwm.o
    0x00026000   0x00000040   Code   RO           24    i.reset_prepare     main.o
    0x00026040   0x00000010   Code   RO         3067    i.sd_check_ram_start  softdevice_handler.o
    0x00026050   0x000000c8   Code   RO         1666    i.sm_state_change   pstorage.o
    0x00026118   0x00000014   Code   RO         3068    i.softdevice_ble_evt_handler_set  softdevice_handler.o
    0x0002612c   0x00000014   Code   RO         3069    i.softdevice_enable  softdevice_handler.o
    0x00026140   0x00000024   Code   RO         3070    i.softdevice_enable_get_default_config  softdevice_handler.o
    0x00026164   0x00000008   Code   RO         3071    i.softdevice_fault_handler  softdevice_handler.o
    0x0002616c   0x00000078   Code   RO         3072    i.softdevice_handler_init  softdevice_handler.o
    0x000261e4   0x00000014   Code   RO         3075    i.softdevice_sys_evt_handler_set  softdevice_handler.o
    0x000261f8   0x00000014   Code   RO         1667    i.state_erase_data_page_entry_run  pstorage.o
    0x0002620c   0x00000028   Code   RO         1668    i.state_restore_head_entry_run  pstorage.o
    0x00026234   0x00000044   Code   RO         1669    i.state_restore_tail_entry_run  pstorage.o
    0x00026278   0x0000001e   Code   RO         1670    i.state_swap_erase_entry_run  pstorage.o
    0x00026296   0x00000002   PAD
    0x00026298   0x0000002c   Code   RO         1671    i.state_write_data_swap_entry_run  pstorage.o
    0x000262c4   0x00000004   Code   RO          968    i.storage_operation_dummy_handler  device_manager_peripheral.o
    0x000262c8   0x00000064   Code   RO         1672    i.store_cmd_flash_write_execute  pstorage.o
    0x0002632c   0x00000024   Code   RO         1673    i.swap_erase_state_run  pstorage.o
    0x00026350   0x0000001c   Code   RO         1674    i.swap_sub_state_err_busy_process  pstorage.o
    0x0002636c   0x000003a4   Code   RO         4475    i.sys_CheckGetDynamicDate  encpt.o
    0x00026710   0x00000494   Code   RO         4476    i.sys_CheckGetDynamicFlat  encpt.o
    0x00026ba4   0x0000059c   Code   RO         4478    i.sys_CheckGetDynamicHotel_V8  encpt.o
    0x00027140   0x00000010   Code   RO           25    i.sys_evt_dispatch  main.o
    0x00027150   0x00000038   Code   RO         1675    i.tail_restore_state_run  pstorage.o
    0x00027188   0x0000033c   Code   RO         2238    i.timer_list_handler  app_timer.o
    0x000274c4   0x00000060   Code   RO         1946    i.transfer_byte     nrf_drv_spi.o
    0x00027524   0x00000028   Code   RO           26    i.uart_event_handle  main.o
    0x0002754c   0x000000c0   Code   RO         1272    i.uart_event_handler  app_uart_fifo.o
    0x0002760c   0x00000048   Code   RO           27    i.uart_init         main.o
    0x00027654   0x0000016c   Code   RO         1555    i.uart_irq_handler  nrf_drv_uart.o
    0x000277c0   0x00000068   Code   RO          765    i.update_timeout_handler  ble_conn_params.o
    0x00027828   0x00000060   Code   RO         2239    i.user_id_get       app_timer.o
    0x00027888   0x00000030   Code   RO          646    i.uuid_list_encode  ble_advdata.o
    0x000278b8   0x000000b2   Code   RO          647    i.uuid_list_sized_encode  ble_advdata.o
    0x0002796a   0x00000002   PAD
    0x0002796c   0x0000001c   Data   RO           32    .constdata          main.o
    0x00027988   0x00000004   Data   RO          768    .constdata          ble_conn_params.o
    0x0002798c   0x00000010   Data   RO          835    .constdata          ble_dfu.o
    0x0002799c   0x00000034   Data   RO          970    .constdata          device_manager_peripheral.o
    0x000279d0   0x00000020   Data   RO         1274    .constdata          app_uart_fifo.o
    0x000279f0   0x00000020   Data   RO         1557    .constdata          nrf_drv_uart.o
    0x00027a10   0x00000028   Data   RO         1677    .constdata          pstorage.o
    0x00027a38   0x00000010   Data   RO         1847    .constdata          nrf_drv_timer.o
    0x00027a48   0x00000010   Data   RO         1948    .constdata          nrf_drv_spi.o
    0x00027a58   0x0000000c   Data   RO         2832    .constdata          app_pwm.o
    0x00027a64   0x00000020   Data   RO         3520    .constdata          sys.o
    0x00027a84   0x00000010   Data   RO         3876    .constdata          beep.o
    0x00027a94   0x00000010   Data   RO         3877    .constdata          beep.o
    0x00027aa4   0x00000010   Data   RO         3878    .constdata          beep.o
    0x00027ab4   0x00000010   Data   RO         3879    .constdata          beep.o
    0x00027ac4   0x00000010   Data   RO         3880    .constdata          beep.o
    0x00027ad4   0x00000010   Data   RO         3881    .constdata          beep.o
    0x00027ae4   0x00000010   Data   RO         3882    .constdata          beep.o
    0x00027af4   0x00000010   Data   RO         3883    .constdata          beep.o
    0x00027b04   0x00000010   Data   RO         3884    .constdata          beep.o
    0x00027b14   0x00000030   Data   RO         3885    .constdata          beep.o
    0x00027b44   0x00000038   Data   RO         3886    .constdata          beep.o
    0x00027b7c   0x00000010   Data   RO         3887    .constdata          beep.o
    0x00027b8c   0x00000060   Data   RO         3890    .constdata          beep.o
    0x00027bec   0x00000014   Data   RO         3891    .constdata          beep.o
    0x00027c00   0x00000008   Data   RO         3936    .constdata          pwm.o
    0x00027c08   0x0000001c   Data   RO         3937    .constdata          pwm.o
    0x00027c24   0x00000014   Data   RO         3938    .constdata          pwm.o
    0x00027c38   0x00000090   Data   RO         4063    .constdata          proto_analy.o
    0x00027cc8   0x0000020b   Data   RO         4407    .constdata          aes.o
    0x00027ed3   0x00000001   PAD
    0x00027ed4   0x00000010   Data   RO         4481    .constdata          encpt.o
    0x00027ee4   0x00000010   Data   RO         4571    .constdata          aeskey.o
    0x00027ef4   0x00000070   Data   RO         4703    .constdata          key.o
    0x00027f64   0x00000014   Data   RO         4704    .constdata          key.o
    0x00027f78   0x0000001a   Data   RO         4783    .constdata          touch.o
    0x00027f92   0x00000059   Data   RO         4841    .constdata          tsmxx.o
    0x00027feb   0x00000001   PAD
    0x00027fec   0x00000014   Data   RO         4971    .constdata          flash.o
    0x00028000   0x00000008   Data   RO         5144    .constdata          rc522.o
    0x00028008   0x00000014   Data   RO         5145    .constdata          rc522.o
    0x0002801c   0x00000014   Data   RO         5668    .constdata          rtc.o
    0x00028030   0x00000054   Data   RO         5852    .constdata          light.o
    0x00028084   0x00000014   Data   RO         5853    .constdata          light.o
    0x00028098   0x00000020   Data   RO         6193    Region$$Table       anon$$obj.o


    Execution Region RW_IRAM1 (Base: 0x20002080, Size: 0x00003718, Max: 0x00005f80, ABSOLUTE, COMPRESSED[0x00000028])

    Base Addr    Size         Type   Attr      Idx    E Section Name        Object

    0x20002080   0x00000020   Data   RW           33    .data               main.o
    0x200020a0   0x0000001f   Data   RW          700    .data               ble_advertising.o
    0x200020bf   0x00000001   PAD
    0x200020c0   0x00000014   Data   RW          769    .data               ble_conn_params.o
    0x200020d4   0x00000008   Data   RW          836    .data               ble_dfu.o
    0x200020dc   0x00000018   Data   RW          971    .data               device_manager_peripheral.o
    0x200020f4   0x00000002   Data   RW         1180    .data               ble_dahao.o
    0x200020f6   0x00000009   Data   RW         1181    .data               ble_dahao.o
    0x200020ff   0x00000001   PAD
    0x20002100   0x00000008   Data   RW         1275    .data               app_uart_fifo.o
    0x20002108   0x00000024   Data   RW         1678    .data               pstorage.o
    0x2000212c   0x00000020   Data   RW         2240    .data               app_timer.o
    0x2000214c   0x00000008   Data   RW         2402    .data               dfu_app_handler.o
    0x20002154   0x00000008   Data   RW         2719    .data               nrf_drv_ppi.o
    0x2000215c   0x00000018   Data   RW         2833    .data               app_pwm.o
    0x20002174   0x0000001c   Data   RW         3076    .data               softdevice_handler.o
    0x20002190   0x00000014   Data   RW         3521    .data               sys.o
    0x200021a4   0x00000002   Data   RW         3522    .data               sys.o
    0x200021a6   0x00000002   PAD
    0x200021a8   0x00000004   Data   RW         3760    .data               event.o
    0x200021ac   0x00000004   Data   RW         3808    .data               sys_timebase.o
    0x200021b0   0x00000008   Data   RW         3892    .data               beep.o
    0x200021b8   0x00000017   Data   RW         4064    .data               proto_analy.o
    0x200021cf   0x00000002   Data   RW         4324    .data               proto_commpack.o
    0x200021d1   0x00000003   PAD
    0x200021d4   0x00000008   Data   RW         4408    .data               aes.o
    0x200021dc   0x00000006   Data   RW         4705    .data               key.o
    0x200021e2   0x00000007   Data   RW         4784    .data               touch.o
    0x200021e9   0x00000001   PAD
    0x200021ea   0x00000002   Data   RW         4785    .data               touch.o
    0x200021ec   0x00000007   Data   RW         4907    .data               tsmxx_irq.o
    0x200021f3   0x00000001   Data   RW         4972    .data               flash.o
    0x200021f4   0x0000000e   Data   RW         5146    .data               rc522.o
    0x20002202   0x00000002   PAD
    0x20002204   0x00000036   Data   RW         5335    .data               access.o
    0x2000223a   0x00000002   Data   RW         5343    .data               access.o
    0x2000223c   0x00000001   Data   RW         5523    .data               lockkey.o
    0x2000223d   0x00000001   PAD
    0x2000223e   0x00000008   Data   RW         5524    .data               lockkey.o
    0x20002246   0x00000001   Data   RW         5854    .data               light.o
    0x20002247   0x00000003   Data   RW         6002    .data               factory.o
    0x2000224a   0x00000001   Data   RW         6037    .data               motor.o
    0x2000224b   0x00000001   Data   RW         6039    .data               motor.o
    0x2000224c   0x00000001   Data   RW         6040    .data               motor.o
    0x2000224d   0x00000001   Data   RW         6043    .data               motor.o
    0x2000224e   0x00000001   Data   RW         6045    .data               motor.o
    0x2000224f   0x00000001   PAD
    0x20002250   0x00000004   Data   RW         6078    .data               system_nrf51.o
    0x20002254   0x00000004   Data   RW         6116    .data               mc_p.l(rand.o)
    0x20002258   0x00000020   Zero   RW           28    .bss                main.o
    0x20002278   0x00000020   Zero   RW           29    .bss                main.o
    0x20002298   0x00000020   Zero   RW           30    .bss                main.o
    0x200022b8   0x0000035c   Zero   RW           31    .bss                main.o
    0x20002614   0x00000103   Zero   RW          699    .bss                ble_advertising.o
    0x20002717   0x00000001   PAD
    0x20002718   0x00000020   Zero   RW          766    .bss                ble_conn_params.o
    0x20002738   0x0000001c   Zero   RW          767    .bss                ble_conn_params.o
    0x20002754   0x0000014f   Zero   RW          969    .bss                device_manager_peripheral.o
    0x200028a3   0x0000001f   Zero   RW         1179    .bss                ble_dahao.o
    0x200028c2   0x00000002   PAD
    0x200028c4   0x00000020   Zero   RW         1273    .bss                app_uart_fifo.o
    0x200028e4   0x00000048   Zero   RW         1417    .bss                nrf_drv_gpiote.o
    0x2000292c   0x0000001c   Zero   RW         1556    .bss                nrf_drv_uart.o
    0x20002948   0x000002c8   Zero   RW         1676    .bss                pstorage.o
    0x20002c10   0x00000018   Zero   RW         1846    .bss                nrf_drv_timer.o
    0x20002c28   0x00000020   Zero   RW         1947    .bss                nrf_drv_spi.o
    0x20002c48   0x00000014   Zero   RW         2015    .bss                nrf_drv_adc.o
    0x20002c5c   0x0000003c   Zero   RW         2401    .bss                dfu_app_handler.o
    0x20002c98   0x00000058   Zero   RW         2455    .bss                fstorage.o
    0x20002cf0   0x00000080   Zero   RW         3159    .bss                lock_commu.o
    0x20002d70   0x00000064   Zero   RW         3519    .bss                sys.o
    0x20002dd4   0x00000024   Zero   RW         3935    .bss                pwm.o
    0x20002df8   0x00000044   Zero   RW         4060    .bss                proto_analy.o
    0x20002e3c   0x000000c8   Zero   RW         4323    .bss                proto_commpack.o
    0x20002f04   0x000000b0   Zero   RW         4406    .bss                aes.o
    0x20002fb4   0x00000009   Zero   RW         4782    .bss                touch.o
    0x20002fbd   0x00000003   PAD
    0x20002fc0   0x00000f3c   Zero   RW         5333    .bss                access.o
    0x20003efc   0x0000107c   Zero   RW         5522    .bss                lockkey.o
    0x20004f78   0x0000001e   Zero   RW         5851    .bss                light.o
    0x20004f96   0x00000002   PAD
    0x20004f98   0x00000800   Zero   RW         6067    STACK               arm_startup_nrf51.o


==============================================================================

Image component sizes


      Code (inc. data)   RO Data    RW Data    ZI Data      Debug   Object Name

      3906        366          0         56       3900      31527   access.o
       976         60        523          8        176       7406   aes.o
         0          0         16          0          0       2043   aeskey.o
        28          4          0          0          0       2265   app_error.o
        28         10          0          0          0        774   app_error_weak.o
       104          0          0          0          0       3218   app_fifo.o
      2284        122         12         24          0      35390   app_pwm.o
      1674        150          0         32          0      26647   app_timer.o
       468         58         32          8         32      10562   app_uart_fifo.o
       108         22          0          0          0       6118   app_util_platform.o
        56         18        192          0       2048        712   arm_startup_nrf51.o
       316         28        380          8          0       5828   beep.o
      1588          6          0          0          0      17148   ble_advdata.o
      1058         86          0         31        259       8154   ble_advertising.o
       516         74          4         20         60      17031   ble_conn_params.o
       780        114          0         11         31      11805   ble_dahao.o
      1016         60         16          8          0      12732   ble_dfu.o
        60          2          0          0          0       1260   bootloader_util.o
         4          0          0          0          0        565   bsp.o
        20          0          0          0          0        633   bsp_btn_ble.o
      4278        492         52         24        335      37912   device_manager_peripheral.o
       362         54          0          8         60      12884   dfu_app_handler.o
      3736        130         16          0          0      11040   encpt.o
        64         20          0          4          0       2460   event.o
       228         40          0          3          0       2612   factory.o
      1008         88         20          1          0      11681   flash.o
        24          6          0          0         88       3964   fstorage.o
       148         22          0          0          0       2354   hc595.o
       688         48          0          0          0       7351   i2c_soft.o
       382         46        132          6          0       9389   key.o
       656        110        104          1         30      12505   light.o
       292         44          0          0        128       4901   lock_commu.o
      2818        294          0          9       4220      20443   lockkey.o
      1908        314         28         32        956     147776   main.o
         0          0          0          5          0       1897   motor.o
        66          6          0          0          0       1799   nrf_delay.o
       204         34          0          0         20       7597   nrf_drv_adc.o
        96         16          0          0          0       8648   nrf_drv_common.o
       616        104          0          0         72      19464   nrf_drv_gpiote.o
       688         92          0          8          0      17161   nrf_drv_ppi.o
       754         38         16          0         32      17060   nrf_drv_spi.o
       572         38         16          0         24      18995   nrf_drv_timer.o
      1072        100         32          0         28      27746   nrf_drv_uart.o
      3020        230        144         23         68      29894   proto_analy.o
      1292         84          0          2        200       6309   proto_commpack.o
        18          0          0          0          0       1164   proto_netcomm.o
      2878        286         40         36        712      36822   pstorage.o
       160         24         56          0         36      11639   pwm.o
      2038         60         28         14          0      18154   rc522.o
      1310         34         20          0          0      13304   rtc.o
        14          0          0          0          0         60   segger_rtt.o
       392         48          0         28          0      18879   softdevice_handler.o
      1146        248         32         22        100      15391   sys.o
       158          0          0          0          0       5435   sys_genfun.o
        64         14          0          4          0       1534   sys_timebase.o
        32          6          0          0          0        580   sys_timebaseirq.o
       204         28          0          4          0       1851   system_nrf51.o
       904         56         26          9          9       5543   touch.o
      1100         56         89          0          0       7800   tsmxx.o
       404         46          0          7          0      13981   tsmxx_irq.o

    ----------------------------------------------------------------------
     50828       4536       2060        468      13632     797797   Object Totals
         0          0         32          0          0          0   (incl. Generated)
        44          0          2         12          8          0   (incl. Padding)

    ----------------------------------------------------------------------

      Code (inc. data)   RO Data    RW Data    ZI Data      Debug   Library Member Name

        58          0          0          0          0          0   __dczerorl.o
         0          0          0          0          0          0   entry.o
         0          0          0          0          0          0   entry10a.o
         0          0          0          0          0          0   entry11a.o
         8          4          0          0          0          0   entry2.o
         4          0          0          0          0          0   entry5.o
         0          0          0          0          0          0   entry7b.o
         0          0          0          0          0          0   entry8b.o
         8          4          0          0          0          0   entry9a.o
        30          0          0          0          0          0   handlers.o
        40          0          0          0          0         72   idiv.o
        36          8          0          0          0         68   init.o
        32          0          0          0          0         68   llshl.o
        34          0          0          0          0         68   llushr.o
        26          0          0          0          0         72   memcmp.o
        36          0          0          0          0         60   memcpya.o
        36          0          0          0          0        100   memseta.o
        36         12          0          4          0        120   rand.o
        14          0          0          0          0         60   strlen.o
        44          0          0          0          0         72   uidiv.o
        96          0          0          0          0         84   uldiv.o

    ----------------------------------------------------------------------
       544         28          0          4          0        844   Library Totals
         6          0          0          0          0          0   (incl. Padding)

    ----------------------------------------------------------------------

      Code (inc. data)   RO Data    RW Data    ZI Data      Debug   Library Name

       538         28          0          4          0        844   mc_p.l

    ----------------------------------------------------------------------
       544         28          0          4          0        844   Library Totals

    ----------------------------------------------------------------------

==============================================================================


      Code (inc. data)   RO Data    RW Data    ZI Data      Debug   

     51372       4564       2060        472      13632     780405   Grand Totals
     51372       4564       2060         40      13632     780405   ELF Image Totals (compressed)
     51372       4564       2060         40          0          0   ROM Totals

==============================================================================

    Total RO  Size (Code + RO Data)                53432 (  52.18kB)
    Total RW  Size (RW Data + ZI Data)             14104 (  13.77kB)
    Total ROM Size (Code + RO Data + RW Data)      53472 (  52.22kB)

==============================================================================

